Component: ARM Compiler 5.05 update 1 (build 106) Tool: armlink [4d0efa]

==============================================================================

Section Cross References

    main.o(i.main) refers to delay.o(i.delay_init) for delay_init
    main.o(i.main) refers to led.o(i.LED_Init) for LED_Init
    main.o(i.main) refers to misc.o(i.NVIC_PriorityGroupConfig) for NVIC_PriorityGroupConfig
    main.o(i.main) refers to usart.o(i.uart_init) for uart_init
    main.o(i.main) refers to test_sdio.o(i.test_sdio_init) for test_sdio_init
    main.o(i.main) refers to test_fatfs.o(i.test_fatfs) for test_fatfs
    system_stm32f10x.o(i.SetSysClock) refers to system_stm32f10x.o(i.SetSysClockTo72) for SetSysClockTo72
    system_stm32f10x.o(i.SystemCoreClockUpdate) refers to system_stm32f10x.o(.data) for .data
    system_stm32f10x.o(i.SystemInit) refers to system_stm32f10x.o(i.SetSysClock) for SetSysClock
    startup_stm32f10x_hd.o(STACK) refers (Special) to heapauxi.o(.text) for __use_two_region_memory
    startup_stm32f10x_hd.o(HEAP) refers (Special) to heapauxi.o(.text) for __use_two_region_memory
    startup_stm32f10x_hd.o(RESET) refers (Special) to heapauxi.o(.text) for __use_two_region_memory
    startup_stm32f10x_hd.o(RESET) refers to startup_stm32f10x_hd.o(STACK) for __initial_sp
    startup_stm32f10x_hd.o(RESET) refers to startup_stm32f10x_hd.o(.text) for Reset_Handler
    startup_stm32f10x_hd.o(RESET) refers to stm32f10x_it.o(i.NMI_Handler) for NMI_Handler
    startup_stm32f10x_hd.o(RESET) refers to stm32f10x_it.o(i.HardFault_Handler) for HardFault_Handler
    startup_stm32f10x_hd.o(RESET) refers to stm32f10x_it.o(i.MemManage_Handler) for MemManage_Handler
    startup_stm32f10x_hd.o(RESET) refers to stm32f10x_it.o(i.BusFault_Handler) for BusFault_Handler
    startup_stm32f10x_hd.o(RESET) refers to stm32f10x_it.o(i.UsageFault_Handler) for UsageFault_Handler
    startup_stm32f10x_hd.o(RESET) refers to stm32f10x_it.o(i.SVC_Handler) for SVC_Handler
    startup_stm32f10x_hd.o(RESET) refers to stm32f10x_it.o(i.DebugMon_Handler) for DebugMon_Handler
    startup_stm32f10x_hd.o(RESET) refers to stm32f10x_it.o(i.PendSV_Handler) for PendSV_Handler
    startup_stm32f10x_hd.o(RESET) refers to stm32f10x_it.o(i.SysTick_Handler) for SysTick_Handler
    startup_stm32f10x_hd.o(RESET) refers to usart.o(i.USART1_IRQHandler) for USART1_IRQHandler
    startup_stm32f10x_hd.o(RESET) refers to sdio_sdcard.o(i.SDIO_IRQHandler) for SDIO_IRQHandler
    startup_stm32f10x_hd.o(.text) refers (Special) to heapauxi.o(.text) for __use_two_region_memory
    startup_stm32f10x_hd.o(.text) refers to system_stm32f10x.o(i.SystemInit) for SystemInit
    startup_stm32f10x_hd.o(.text) refers to __main.o(!!!main) for __main
    startup_stm32f10x_hd.o(.text) refers to startup_stm32f10x_hd.o(HEAP) for Heap_Mem
    startup_stm32f10x_hd.o(.text) refers to startup_stm32f10x_hd.o(STACK) for Stack_Mem
    stm32f10x_adc.o(i.ADC_DeInit) refers to stm32f10x_rcc.o(i.RCC_APB2PeriphResetCmd) for RCC_APB2PeriphResetCmd
    stm32f10x_bkp.o(i.BKP_DeInit) refers to stm32f10x_rcc.o(i.RCC_BackupResetCmd) for RCC_BackupResetCmd
    stm32f10x_can.o(i.CAN_DeInit) refers to stm32f10x_rcc.o(i.RCC_APB1PeriphResetCmd) for RCC_APB1PeriphResetCmd
    stm32f10x_can.o(i.CAN_GetITStatus) refers to stm32f10x_can.o(i.CheckITStatus) for CheckITStatus
    stm32f10x_cec.o(i.CEC_DeInit) refers to stm32f10x_rcc.o(i.RCC_APB1PeriphResetCmd) for RCC_APB1PeriphResetCmd
    stm32f10x_dac.o(i.DAC_DeInit) refers to stm32f10x_rcc.o(i.RCC_APB1PeriphResetCmd) for RCC_APB1PeriphResetCmd
    stm32f10x_flash.o(i.FLASH_EnableWriteProtection) refers to stm32f10x_flash.o(i.FLASH_WaitForLastOperation) for FLASH_WaitForLastOperation
    stm32f10x_flash.o(i.FLASH_EraseAllBank1Pages) refers to stm32f10x_flash.o(i.FLASH_WaitForLastBank1Operation) for FLASH_WaitForLastBank1Operation
    stm32f10x_flash.o(i.FLASH_EraseAllPages) refers to stm32f10x_flash.o(i.FLASH_WaitForLastOperation) for FLASH_WaitForLastOperation
    stm32f10x_flash.o(i.FLASH_EraseOptionBytes) refers to stm32f10x_flash.o(i.FLASH_GetReadOutProtectionStatus) for FLASH_GetReadOutProtectionStatus
    stm32f10x_flash.o(i.FLASH_EraseOptionBytes) refers to stm32f10x_flash.o(i.FLASH_WaitForLastOperation) for FLASH_WaitForLastOperation
    stm32f10x_flash.o(i.FLASH_ErasePage) refers to stm32f10x_flash.o(i.FLASH_WaitForLastOperation) for FLASH_WaitForLastOperation
    stm32f10x_flash.o(i.FLASH_ProgramHalfWord) refers to stm32f10x_flash.o(i.FLASH_WaitForLastOperation) for FLASH_WaitForLastOperation
    stm32f10x_flash.o(i.FLASH_ProgramOptionByteData) refers to stm32f10x_flash.o(i.FLASH_WaitForLastOperation) for FLASH_WaitForLastOperation
    stm32f10x_flash.o(i.FLASH_ProgramWord) refers to stm32f10x_flash.o(i.FLASH_WaitForLastOperation) for FLASH_WaitForLastOperation
    stm32f10x_flash.o(i.FLASH_ReadOutProtection) refers to stm32f10x_flash.o(i.FLASH_WaitForLastOperation) for FLASH_WaitForLastOperation
[...]
    .text                                    0x080003e8   Section        0  _printf_hex_int.o(.text)
    .text                                    0x08000440   Section        0  strchr.o(.text)
    .text                                    0x08000454   Section        0  memcmp.o(.text)
    .text                                    0x080004ac   Section        0  strlen.o(.text)
    .text                                    0x080004ea   Section      138  rt_memcpy_v6.o(.text)
    .text                                    0x08000574   Section      100  rt_memcpy_w.o(.text)
    .text                                    0x080005d8   Section       16  aeabi_memset.o(.text)
    .text                                    0x080005e8   Section       68  rt_memclr.o(.text)
    .text                                    0x0800062c   Section       78  rt_memclr_w.o(.text)
    .text                                    0x0800067a   Section        0  heapauxi.o(.text)
    .text                                    0x08000680   Section        2  use_no_semi.o(.text)
    .text                                    0x08000682   Section      238  lludivv7m.o(.text)
    .text                                    0x08000770   Section        0  _printf_intcommon.o(.text)
    .text                                    0x08000824   Section        0  _printf_char_common.o(.text)
    _printf_input_char                       0x08000825   Thumb Code    10  _printf_char_common.o(.text)
    .text                                    0x08000854   Section        0  _sputc.o(.text)
    .text                                    0x0800085e   Section        0  _printf_char.o(.text)
    .text                                    0x0800088c   Section        0  _printf_char_file.o(.text)
    .text                                    0x080008b0   Section        0  ferror.o(.text)
    .text                                    0x080008b8   Section       74  sys_stackheap_outer.o(.text)
    .text                                    0x08000902   Section        0  exit.o(.text)
    .text                                    0x08000910   Section        8  libspace.o(.text)
    i.BusFault_Handler                       0x08000918   Section        0  stm32f10x_it.o(i.BusFault_Handler)
    i.CmdError                               0x0800091a   Section        0  sdio_sdcard.o(i.CmdError)
    i.CmdResp1Error                          0x08000944   Section        0  sdio_sdcard.o(i.CmdResp1Error)
    i.CmdResp2Error                          0x08000994   Section        0  sdio_sdcard.o(i.CmdResp2Error)
    i.CmdResp3Error                          0x080009e0   Section        0  sdio_sdcard.o(i.CmdResp3Error)
    i.CmdResp6Error                          0x08000a10   Section        0  sdio_sdcard.o(i.CmdResp6Error)
    i.CmdResp7Error                          0x08000a8c   Section        0  sdio_sdcard.o(i.CmdResp7Error)
    i.DMA_Cmd                                0x08000acc   Section        0  stm32f10x_dma.o(i.DMA_Cmd)
    i.DMA_DeInit                             0x08000ae8   Section        0  stm32f10x_dma.o(i.DMA_DeInit)
    i.DMA_Init                               0x08000be0   Section        0  stm32f10x_dma.o(i.DMA_Init)
    i.DebugMon_Handler                       0x08000c1a   Section        0  stm32f10x_it.o(i.DebugMon_Handler)
    i.FindSCR                                0x08000c1c   Section        0  sdio_sdcard.o(i.FindSCR)
    i.GPIO_Init                              0x08000d98   Section        0  stm32f10x_gpio.o(i.GPIO_Init)
    i.GPIO_SetBits                           0x08000e3e   Section        0  stm32f10x_gpio.o(i.GPIO_SetBits)
    i.HardFault_Handler                      0x08000e42   Section        0  stm32f10x_it.o(i.HardFault_Handler)
    i.INTX_DISABLE                           0x08000e44   Section        0  sys.o(i.INTX_DISABLE)
    i.INTX_ENABLE                            0x08000e48   Section        0  sys.o(i.INTX_ENABLE)
    i.IsCardProgramming                      0x08000e4c   Section        0  sdio_sdcard.o(i.IsCardProgramming)
    i.LED_Init                               0x08000edc   Section        0  led.o(i.LED_Init)
    i.MemManage_Handler                      0x08000f2c   Section        0  stm32f10x_it.o(i.MemManage_Handler)
    i.NMI_Handler                            0x08000f2e   Section        0  stm32f10x_it.o(i.NMI_Handler)
    i.NVIC_Init                              0x08000f30   Section        0  misc.o(i.NVIC_Init)
    i.NVIC_PriorityGroupConfig               0x08000f94   Section        0  misc.o(i.NVIC_PriorityGroupConfig)
    i.PendSV_Handler                         0x08000fa8   Section        0  stm32f10x_it.o(i.PendSV_Handler)
    i.RCC_AHBPeriphClockCmd                  0x08000fac   Section        0  stm32f10x_rcc.o(i.RCC_AHBPeriphClockCmd)
    i.RCC_APB1PeriphClockCmd                 0x08000fc8   Section        0  stm32f10x_rcc.o(i.RCC_APB1PeriphClockCmd)
    i.RCC_APB2PeriphClockCmd                 0x08000fe4   Section        0  stm32f10x_rcc.o(i.RCC_APB2PeriphClockCmd)
    i.RCC_GetClocksFreq                      0x08001000   Section        0  stm32f10x_rcc.o(i.RCC_GetClocksFreq)
    i.SDEnWideBus                            0x080010ac   Section        0  sdio_sdcard.o(i.SDEnWideBus)
    i.SDIO_ClearFlag                         0x08001138   Section        0  stm32f10x_sdio.o(i.SDIO_ClearFlag)
    i.SDIO_ClockCmd                          0x08001144   Section        0  stm32f10x_sdio.o(i.SDIO_ClockCmd)
    i.SDIO_Clock_Set                         0x08001150   Section        0  sdio_sdcard.o(i.SDIO_Clock_Set)
    i.SDIO_DMACmd                            0x08001164   Section        0  stm32f10x_sdio.o(i.SDIO_DMACmd)
    i.SDIO_DataConfig                        0x08001170   Section        0  stm32f10x_sdio.o(i.SDIO_DataConfig)
    i.SDIO_DeInit                            0x0800119c   Section        0  stm32f10x_sdio.o(i.SDIO_DeInit)
    i.SDIO_GetFlagStatus                     0x080011c0   Section        0  stm32f10x_sdio.o(i.SDIO_GetFlagStatus)
    i.SDIO_GetPowerState                     0x080011d4   Section        0  stm32f10x_sdio.o(i.SDIO_GetPowerState)
    i.SDIO_IRQHandler                        0x080011e4   Section        0  sdio_sdcard.o(i.SDIO_IRQHandler)
    i.SDIO_Init                              0x080011e8   Section        0  stm32f10x_sdio.o(i.SDIO_Init)
    i.SDIO_ReadData                          0x08001214   Section        0  stm32f10x_sdio.o(i.SDIO_ReadData)
    i.SDIO_SendCommand                       0x08001220   Section        0  stm32f10x_sdio.o(i.SDIO_SendCommand)
    i.SDIO_SetPowerState                     0x08001248   Section        0  stm32f10x_sdio.o(i.SDIO_SetPowerState)
    i.SDIO_WriteData                         0x08001254   Section        0  stm32f10x_sdio.o(i.SDIO_WriteData)
    i.SD_DMA_Config                          0x08001260   Section        0  sdio_sdcard.o(i.SD_DMA_Config)
    i.SD_EnableWideBusOperation              0x080012c4   Section        0  sdio_sdcard.o(i.SD_EnableWideBusOperation)
    i.SD_GetCardInfo                         0x08001314   Section        0  sdio_sdcard.o(i.SD_GetCardInfo)
    i.SD_Init                                0x08001534   Section        0  sdio_sdcard.o(i.SD_Init)
    i.SD_InitializeCards                     0x08001614   Section        0  sdio_sdcard.o(i.SD_InitializeCards)
    i.SD_PowerON                             0x0800172c   Section        0  sdio_sdcard.o(i.SD_PowerON)
    i.SD_ProcessIRQSrc                       0x080018d0   Section        0  sdio_sdcard.o(i.SD_ProcessIRQSrc)
    i.SD_ReadBlock                           0x080019bc   Section        0  sdio_sdcard.o(i.SD_ReadBlock)
    i.SD_ReadDisk                            0x08001be8   Section        0  sdio_sdcard.o(i.SD_ReadDisk)
    i.SD_ReadMultiBlocks                     0x08001c64   Section        0  sdio_sdcard.o(i.SD_ReadMultiBlocks)
    i.SD_SelectDeselect                      0x08001f0c   Section        0  sdio_sdcard.o(i.SD_SelectDeselect)
    i.SD_SetDeviceMode                       0x08001f38   Section        0  sdio_sdcard.o(i.SD_SetDeviceMode)
    i.SD_WriteBlock                          0x08001f50   Section        0  sdio_sdcard.o(i.SD_WriteBlock)
    i.SD_WriteDisk                           0x08002244   Section        0  sdio_sdcard.o(i.SD_WriteDisk)
    i.SD_WriteMultiBlocks                    0x080022b8   Section        0  sdio_sdcard.o(i.SD_WriteMultiBlocks)
    i.SPI2_Init                              0x080025d4   Section        0  spi.o(i.SPI2_Init)
    i.SPI2_ReadWriteByte                     0x08002668   Section        0  spi.o(i.SPI2_ReadWriteByte)
    i.SPI2_SetSpeed                          0x080026c0   Section        0  spi.o(i.SPI2_SetSpeed)
    i.SPI_Cmd                                0x080026dc   Section        0  stm32f10x_spi.o(i.SPI_Cmd)
    i.SPI_I2S_GetFlagStatus                  0x080026f4   Section        0  stm32f10x_spi.o(i.SPI_I2S_GetFlagStatus)
    i.SPI_I2S_ReceiveData                    0x08002702   Section        0  stm32f10x_spi.o(i.SPI_I2S_ReceiveData)
    i.SPI_I2S_SendData                       0x08002706   Section        0  stm32f10x_spi.o(i.SPI_I2S_SendData)
    i.SPI_Init                               0x0800270a   Section        0  stm32f10x_spi.o(i.SPI_Init)
    i.SVC_Handler                            0x08002742   Section        0  stm32f10x_it.o(i.SVC_Handler)
    i.SetSysClock                            0x08002744   Section        0  system_stm32f10x.o(i.SetSysClock)
    SetSysClock                              0x08002745   Thumb Code     4  system_stm32f10x.o(i.SetSysClock)
    i.SetSysClockTo72                        0x08002748   Section        0  system_stm32f10x.o(i.SetSysClockTo72)
    SetSysClockTo72                          0x08002749   Thumb Code   166  system_stm32f10x.o(i.SetSysClockTo72)
    i.SysTick_CLKSourceConfig                0x080027f8   Section        0  misc.o(i.SysTick_CLKSourceConfig)
    i.SysTick_Handler                        0x08002814   Section        0  stm32f10x_it.o(i.SysTick_Handler)
    i.SystemInit                             0x08002818   Section        0  system_stm32f10x.o(i.SystemInit)
    i.USART1_IRQHandler                      0x08002868   Section        0  usart.o(i.USART1_IRQHandler)
    i.USART_Cmd                              0x080028d0   Section        0  stm32f10x_usart.o(i.USART_Cmd)
    i.USART_GetITStatus                      0x080028e8   Section        0  stm32f10x_usart.o(i.USART_GetITStatus)
    i.USART_ITConfig                         0x08002928   Section        0  stm32f10x_usart.o(i.USART_ITConfig)
    i.USART_Init                             0x08002960   Section        0  stm32f10x_usart.o(i.USART_Init)
    i.USART_ReceiveData                      0x08002a1c   Section        0  stm32f10x_usart.o(i.USART_ReceiveData)
    i.UsageFault_Handler                     0x08002a24   Section        0  stm32f10x_it.o(i.UsageFault_Handler)
    i.W25QXX_Erase_Sector                    0x08002a28   Section        0  w25qxx.o(i.W25QXX_Erase_Sector)
    i.W25QXX_Init                            0x08002a78   Section        0  w25qxx.o(i.W25QXX_Init)
    i.W25QXX_Read                            0x08002ad0   Section        0  w25qxx.o(i.W25QXX_Read)
    i.W25QXX_ReadID                          0x08002b20   Section        0  w25qxx.o(i.W25QXX_ReadID)
    i.W25QXX_ReadSR                          0x08002b5c   Section        0  w25qxx.o(i.W25QXX_ReadSR)
    i.W25QXX_Wait_Busy                       0x08002b7c   Section        0  w25qxx.o(i.W25QXX_Wait_Busy)
    i.W25QXX_Write                           0x08002b88   Section        0  w25qxx.o(i.W25QXX_Write)
    i.W25QXX_Write_Enable                    0x08002c2c   Section        0  w25qxx.o(i.W25QXX_Write_Enable)
    i.W25QXX_Write_NoCheck                   0x08002c44   Section        0  w25qxx.o(i.W25QXX_Write_NoCheck)
    i.W25QXX_Write_Page                      0x08002c84   Section        0  w25qxx.o(i.W25QXX_Write_Page)
    i._sys_exit                              0x08002cdc   Section        0  usart.o(i._sys_exit)
    i.check_fs                               0x08002ce0   Section        0  ff.o(i.check_fs)
    check_fs                                 0x08002ce1   Thumb Code   198  ff.o(i.check_fs)
    i.clst2sect                              0x08002db4   Section        0  ff.o(i.clst2sect)
    clst2sect                                0x08002db5   Thumb Code    24  ff.o(i.clst2sect)
    i.cmp_lfn                                0x08002dcc   Section        0  ff.o(i.cmp_lfn)
    cmp_lfn                                  0x08002dcd   Thumb Code   142  ff.o(i.cmp_lfn)
    i.convert_from_bytes_to_power_of_two     0x08002e60   Section        0  sdio_sdcard.o(i.convert_from_bytes_to_power_of_two)
    i.create_chain                           0x08002e72   Section        0  ff.o(i.create_chain)
    create_chain                             0x08002e73   Thumb Code   238  ff.o(i.create_chain)
    i.create_name                            0x08002f60   Section        0  ff.o(i.create_name)
    create_name                              0x08002f61   Thumb Code   534  ff.o(i.create_name)
    i.create_partition                       0x0800318c   Section        0  ff.o(i.create_partition)
    create_partition                         0x0800318d   Thumb Code   308  ff.o(i.create_partition)
    i.dbc_1st                                0x080032c0   Section        0  ff.o(i.dbc_1st)
    dbc_1st                                  0x080032c1   Thumb Code    16  ff.o(i.dbc_1st)
    i.dbc_2nd                                0x080032d0   Section        0  ff.o(i.dbc_2nd)
    dbc_2nd                                  0x080032d1   Thumb Code    26  ff.o(i.dbc_2nd)
    i.delay_init                             0x080032ec   Section        0  delay.o(i.delay_init)
    i.delay_ms                               0x08003328   Section        0  delay.o(i.delay_ms)
    i.dir_alloc                              0x0800335c   Section        0  ff.o(i.dir_alloc)
    dir_alloc                                0x0800335d   Thumb Code    74  ff.o(i.dir_alloc)
    i.dir_clear                              0x080033a6   Section        0  ff.o(i.dir_clear)
    dir_clear                                0x080033a7   Thumb Code    92  ff.o(i.dir_clear)
    i.dir_find                               0x08003402   Section        0  ff.o(i.dir_find)
    dir_find                                 0x08003403   Thumb Code   210  ff.o(i.dir_find)
    i.dir_next                               0x080034d4   Section        0  ff.o(i.dir_next)
    dir_next                                 0x080034d5   Thumb Code   198  ff.o(i.dir_next)
    i.dir_read                               0x0800359a   Section        0  ff.o(i.dir_read)
    dir_read                                 0x0800359b   Thumb Code   188  ff.o(i.dir_read)
    i.dir_register                           0x08003656   Section        0  ff.o(i.dir_register)
    dir_register                             0x08003657   Thumb Code   296  ff.o(i.dir_register)
    i.dir_sdi                                0x0800377e   Section        0  ff.o(i.dir_sdi)
    dir_sdi                                  0x0800377f   Thumb Code   148  ff.o(i.dir_sdi)
    i.disk_initialize                        0x08003814   Section        0  diskio.o(i.disk_initialize)
    i.disk_ioctl                             0x08003848   Section        0  diskio.o(i.disk_ioctl)
    i.disk_read                              0x080038cc   Section        0  diskio.o(i.disk_read)
    i.disk_status                            0x08003930   Section        0  diskio.o(i.disk_status)
    i.disk_write                             0x08003934   Section        0  diskio.o(i.disk_write)
    i.f_close                                0x08003998   Section        0  ff.o(i.f_close)
    i.f_mkdir                                0x080039b8   Section        0  ff.o(i.f_mkdir)
    i.f_mkfs                                 0x08003aac   Section        0  ff.o(i.f_mkfs)
    i.f_mount                                0x08004044   Section        0  ff.o(i.f_mount)
    i.f_open                                 0x08004090   Section        0  ff.o(i.f_open)
    i.f_opendir                              0x08004246   Section        0  ff.o(i.f_opendir)
    i.f_read                                 0x080042b2   Section        0  ff.o(i.f_read)
    i.f_readdir                              0x08004416   Section        0  ff.o(i.f_readdir)
    i.f_sync                                 0x08004460   Section        0  ff.o(i.f_sync)
    i.f_write                                0x080044f0   Section        0  ff.o(i.f_write)
    i.ff_oem2uni                             0x08004694   Section        0  ffunicode.o(i.ff_oem2uni)
    i.ff_uni2oem                             0x080046e4   Section        0  ffunicode.o(i.ff_uni2oem)
    i.ff_wtoupper                            0x0800473c   Section        0  ffunicode.o(i.ff_wtoupper)
    i.find_volume                            0x080047d0   Section        0  ff.o(i.find_volume)
    find_volume                              0x080047d1   Thumb Code    98  ff.o(i.find_volume)
    i.follow_path                            0x08004832   Section        0  ff.o(i.follow_path)
    follow_path                              0x08004833   Thumb Code   122  ff.o(i.follow_path)
    i.fputc                                  0x080048ac   Section        0  usart.o(i.fputc)
    i.gen_numname                            0x080048c4   Section        0  ff.o(i.gen_numname)
    gen_numname                              0x080048c5   Thumb Code   158  ff.o(i.gen_numname)
    i.get_fat                                0x08004968   Section        0  ff.o(i.get_fat)
    get_fat                                  0x08004969   Thumb Code   196  ff.o(i.get_fat)
    i.get_fattime                            0x08004a2c   Section        0  diskio.o(i.get_fattime)
    i.get_fileinfo                           0x08004a30   Section        0  ff.o(i.get_fileinfo)
    get_fileinfo                             0x08004a31   Thumb Code   302  ff.o(i.get_fileinfo)
    i.get_ldnumber                           0x08004b5e   Section        0  ff.o(i.get_ldnumber)
    get_ldnumber                             0x08004b5f   Thumb Code    64  ff.o(i.get_ldnumber)
    i.ld_clust                               0x08004b9e   Section        0  ff.o(i.ld_clust)
    ld_clust                                 0x08004b9f   Thumb Code    38  ff.o(i.ld_clust)
    i.ld_dword                               0x08004bc4   Section        0  ff.o(i.ld_dword)
    ld_dword                                 0x08004bc5   Thumb Code    22  ff.o(i.ld_dword)
    i.ld_word                                0x08004bda   Section        0  ff.o(i.ld_word)
    ld_word                                  0x08004bdb   Thumb Code    10  ff.o(i.ld_word)
    i.main                                   0x08004be4   Section        0  main.o(i.main)
    i.mount_volume                           0x08004c08   Section        0  ff.o(i.mount_volume)
    mount_volume                             0x08004c09   Thumb Code   562  ff.o(i.mount_volume)
    i.move_window                            0x08004e50   Section        0  ff.o(i.move_window)
    move_window                              0x08004e51   Thumb Code    52  ff.o(i.move_window)
    i.pick_lfn                               0x08004e84   Section        0  ff.o(i.pick_lfn)
    pick_lfn                                 0x08004e85   Thumb Code   124  ff.o(i.pick_lfn)
    i.print_fres                             0x08004f04   Section        0  test_fatfs.o(i.print_fres)
    print_fres                               0x08004f05   Thumb Code    32  test_fatfs.o(i.print_fres)
    i.put_fat                                0x08004f3c   Section        0  ff.o(i.put_fat)
    put_fat                                  0x08004f3d   Thumb Code   250  ff.o(i.put_fat)
    i.put_lfn                                0x08005038   Section        0  ff.o(i.put_lfn)
    put_lfn                                  0x08005039   Thumb Code   110  ff.o(i.put_lfn)
    i.put_utf                                0x080050ac   Section        0  ff.o(i.put_utf)
    put_utf                                  0x080050ad   Thumb Code    50  ff.o(i.put_utf)
    i.remove_chain                           0x080050de   Section        0  ff.o(i.remove_chain)
    remove_chain                             0x080050df   Thumb Code   120  ff.o(i.remove_chain)
    i.show_sdcard_info                       0x08005158   Section        0  test_sdio.o(i.show_sdcard_info)
    i.st_clust                               0x08005280   Section        0  ff.o(i.st_clust)
    st_clust                                 0x08005281   Thumb Code    40  ff.o(i.st_clust)
    i.st_dword                               0x080052a8   Section        0  ff.o(i.st_dword)
    st_dword                                 0x080052a9   Thumb Code    16  ff.o(i.st_dword)
    i.st_word                                0x080052b8   Section        0  ff.o(i.st_word)
    st_word                                  0x080052b9   Thumb Code     8  ff.o(i.st_word)
    i.sum_sfn                                0x080052c0   Section        0  ff.o(i.sum_sfn)
    sum_sfn                                  0x080052c1   Thumb Code    26  ff.o(i.sum_sfn)
    i.sync_fs                                0x080052dc   Section        0  ff.o(i.sync_fs)
    sync_fs                                  0x080052dd   Thumb Code   126  ff.o(i.sync_fs)
    i.sync_window                            0x08005364   Section        0  ff.o(i.sync_window)
    sync_window                              0x08005365   Thumb Code    72  ff.o(i.sync_window)
    i.tchar2uni                              0x080053ac   Section        0  ff.o(i.tchar2uni)
    tchar2uni                                0x080053ad   Thumb Code    74  ff.o(i.tchar2uni)
    i.test_fatfs                             0x080053f8   Section        0  test_fatfs.o(i.test_fatfs)
    i.test_sdio_init                         0x0800584c   Section        0  test_sdio.o(i.test_sdio_init)
    i.uart_init                              0x0800594c   Section        0  usart.o(i.uart_init)
    i.validate                               0x080059ec   Section        0  ff.o(i.validate)
    validate                                 0x080059ed   Thumb Code    54  ff.o(i.validate)
    .constdata                               0x08005a24   Section      259  test_fatfs.o(.constdata)
    .constdata                               0x08005b28   Section       60  ff.o(.constdata)
    LfnOfs                                   0x08005b28   Data          13  ff.o(.constdata)
    cst                                      0x08005b36   Data          14  ff.o(.constdata)
    cst32                                    0x08005b44   Data          14  ff.o(.constdata)
    defopt                                   0x08005b54   Data          16  ff.o(.constdata)
    .constdata                               0x08005b64   Section    175030  ffunicode.o(.constdata)
    uni2oem936                               0x08005b64   Data       87172  ffunicode.o(.constdata)
    oem2uni936                               0x0801afe8   Data       87172  ffunicode.o(.constdata)
    cvt1                                     0x0803046c   Data         498  ffunicode.o(.constdata)
    cvt2                                     0x0803065e   Data         188  ffunicode.o(.constdata)
    .constdata                               0x0803071a   Section       40  _printf_hex_int.o(.constdata)
    uc_hextab                                0x0803071a   Data          20  _printf_hex_int.o(.constdata)
    lc_hextab                                0x0803072e   Data          20  _printf_hex_int.o(.constdata)
    .data                                    0x20000000   Section       20  system_stm32f10x.o(.data)
    .data                                    0x20000014   Section       20  stm32f10x_rcc.o(.data)
    ADCPrescTable                            0x20000014   Data           4  stm32f10x_rcc.o(.data)
    APBAHBPrescTable                         0x20000018   Data          16  stm32f10x_rcc.o(.data)
    .data                                    0x20000028   Section       16  sdio_sdcard.o(.data)
    CardType                                 0x20000028   Data           1  sdio_sdcard.o(.data)
    DeviceMode                               0x20000029   Data           1  sdio_sdcard.o(.data)
    StopCondition                            0x2000002a   Data           1  sdio_sdcard.o(.data)
    RCA                                      0x20000030   Data           4  sdio_sdcard.o(.data)
    .data                                    0x20000038   Section        2  w25qxx.o(.data)
    .data                                    0x2000003a   Section        4  delay.o(.data)
    fac_us                                   0x2000003a   Data           1  delay.o(.data)
    fac_ms                                   0x2000003c   Data           2  delay.o(.data)
    .data                                    0x2000003e   Section        2  usart.o(.data)
    .data                                    0x20000040   Section        4  usart.o(.data)
    .data                                    0x20000044   Section        2  diskio.o(.data)
    .data                                    0x20000048   Section       12  ff.o(.data)
    Fsid                                     0x20000048   Data           2  ff.o(.data)
    FatFs                                    0x2000004c   Data           8  ff.o(.data)
    .bss                                     0x20000058   Section      704  sdio_sdcard.o(.bss)
    CSD_Tab                                  0x2000009c   Data          16  sdio_sdcard.o(.bss)
    CID_Tab                                  0x200000ac   Data          16  sdio_sdcard.o(.bss)
    .bss                                     0x20000318   Section     4096  w25qxx.o(.bss)
    .bss                                     0x20001318   Section      200  usart.o(.bss)
    .bss                                     0x200013e0   Section      512  ff.o(.bss)
    LfnBuf                                   0x200013e0   Data         512  ff.o(.bss)
    .bss                                     0x200015e0   Section       96  libspace.o(.bss)
    HEAP                                     0x20001640   Section      512  startup_stm32f10x_hd.o(HEAP)
    Heap_Mem                                 0x20001640   Data         512  startup_stm32f10x_hd.o(HEAP)
    STACK                                    0x20001840   Section     1024  startup_stm32f10x_hd.o(STACK)
    Stack_Mem                                0x20001840   Data        1024  startup_stm32f10x_hd.o(STACK)
    __initial_sp                             0x20001c40   Data           0  startup_stm32f10x_hd.o(STACK)

    Global Symbols

    Symbol Name                              Value     Ov Type        Size  Object(Section)

    BuildAttributes$$THM_ISAv4$P$D$K$B$S$PE$A:L22UL41UL21$X:L11$S22US41US21$IEEE1$IW$USESV6$~STKCKD$USESV7$~SHL$OSPACE$ROPI$EBA8$UX$STANDARDLIB$REQ8$PRES8$EABIv2 0x00000000   Number         0  anon$$obj.o ABSOLUTE
    __ARM_use_no_argv                        0x00000000   Number         0  main.o ABSOLUTE
    __ARM_exceptions_init                     - Undefined Weak Reference
    __alloca_initialize                       - Undefined Weak Reference
    __arm_preinit_                            - Undefined Weak Reference
    __cpp_initialize__aeabi_                  - Undefined Weak Reference
    __cxa_finalize                            - Undefined Weak Reference
    __rt_locale                               - Undefined Weak Reference
    __sigvec_lookup                           - Undefined Weak Reference
    _atexit_init                              - Undefined Weak Reference
    _call_atexit_fns                          - Undefined Weak Reference
    _clock_init                               - Undefined Weak Reference
    _fp_trap_init                             - Undefined Weak Reference
    _fp_trap_shutdown                         - Undefined Weak Reference
    _get_lc_collate                           - Undefined Weak Reference
    _get_lc_ctype                             - Undefined Weak Reference
    _get_lc_monetary                          - Undefined Weak Reference
    _get_lc_numeric                           - Undefined Weak Reference
    _get_lc_time                              - Undefined Weak Reference
    _getenv_init                              - Undefined Weak Reference
    _handle_redirection                       - Undefined Weak Reference
    _init_alloc                               - Undefined Weak Reference
    _init_user_alloc                          - Undefined Weak Reference
    _initio                                   - Undefined Weak Reference
    _mutex_acquire                            - Undefined Weak Reference
    _mutex_release                            - Undefined Weak Reference
    _printf_mbtowc                            - Undefined Weak Reference
    _printf_post_padding                      - Undefined Weak Reference
    _printf_pre_padding                       - Undefined Weak Reference
    _printf_truncate_signed                   - Undefined Weak Reference
    _printf_truncate_unsigned                 - Undefined Weak Reference
    _rand_init                                - Undefined Weak Reference
    _signal_finish                            - Undefined Weak Reference
    _signal_init                              - Undefined Weak Reference
    _terminate_alloc                          - Undefined Weak Reference
    _terminate_user_alloc                     - Undefined Weak Reference
    _terminateio                              - Undefined Weak Reference
    __Vectors_Size                           0x00000130   Number         0  startup_stm32f10x_hd.o ABSOLUTE
    __Vectors                                0x08000000   Data           4  startup_stm32f10x_hd.o(RESET)
    __Vectors_End                            0x08000130   Data           0  startup_stm32f10x_hd.o(RESET)
    __main                                   0x08000131   Thumb Code     8  __main.o(!!!main)
    __scatterload                            0x08000139   Thumb Code     0  __scatter.o(!!!scatter)
    __scatterload_rt2                        0x08000139   Thumb Code    44  __scatter.o(!!!scatter)
    __scatterload_rt2_thumb_only             0x08000139   Thumb Code     0  __scatter.o(!!!scatter)
    __scatterload_null                       0x08000147   Thumb Code     0  __scatter.o(!!!scatter)
    __scatterload_copy                       0x0800016d   Thumb Code    26  __scatter_copy.o(!!handler_copy)
    __scatterload_zeroinit                   0x08000189   Thumb Code    28  __scatter_zi.o(!!handler_zi)
    _printf_d                                0x080001a5   Thumb Code     0  _printf_d.o(.ARM.Collect$$_printf_percent$$00000009)
    _printf_percent                          0x080001a5   Thumb Code     0  _printf_percent.o(.ARM.Collect$$_printf_percent$$00000000)
    _printf_u                                0x080001ab   Thumb Code     0  _printf_u.o(.ARM.Collect$$_printf_percent$$0000000A)
    _printf_x                                0x080001b1   Thumb Code     0  _printf_x.o(.ARM.Collect$$_printf_percent$$0000000C)
    _printf_s                                0x080001b7   Thumb Code     0  _printf_s.o(.ARM.Collect$$_printf_percent$$00000014)
    _printf_percent_end                      0x080001bd   Thumb Code     0  _printf_percent_end.o(.ARM.Collect$$_printf_percent$$00000017)
    __rt_lib_init                            0x080001c1   Thumb Code     0  libinit.o(.ARM.Collect$$libinit$$00000000)
    __rt_lib_init_alloca_1                   0x080001c3   Thumb Code     0  libinit2.o(.ARM.Collect$$libinit$$0000002E)
    __rt_lib_init_argv_1                     0x080001c3   Thumb Code     0  libinit2.o(.ARM.Collect$$libinit$$0000002C)
    __rt_lib_init_atexit_1                   0x080001c3   Thumb Code     0  libinit2.o(.ARM.Collect$$libinit$$0000001B)
    __rt_lib_init_clock_1                    0x080001c3   Thumb Code     0  libinit2.o(.ARM.Collect$$libinit$$00000021)
    __rt_lib_init_cpp_1                      0x080001c3   Thumb Code     0  libinit2.o(.ARM.Collect$$libinit$$00000032)
    __rt_lib_init_exceptions_1               0x080001c3   Thumb Code     0  libinit2.o(.ARM.Collect$$libinit$$00000030)
    __rt_lib_init_fp_1                       0x080001c3   Thumb Code     0  libinit2.o(.ARM.Collect$$libinit$$00000002)
    __rt_lib_init_fp_trap_1                  0x080001c3   Thumb Code     0  libinit2.o(.ARM.Collect$$libinit$$0000001F)
    __rt_lib_init_getenv_1                   0x080001c3   Thumb Code     0  libinit2.o(.ARM.Collect$$libinit$$00000023)
    __rt_lib_init_heap_1                     0x080001c3   Thumb Code     0  libinit2.o(.ARM.Collect$$libinit$$0000000A)
    __rt_lib_init_lc_collate_1               0x080001c3   Thumb Code     0  libinit2.o(.ARM.Collect$$libinit$$00000011)
    __rt_lib_init_lc_ctype_1                 0x080001c3   Thumb Code     0  libinit2.o(.ARM.Collect$$libinit$$00000013)
    __rt_lib_init_lc_monetary_1              0x080001c3   Thumb Code     0  libinit2.o(.ARM.Collect$$libinit$$00000015)
    __rt_lib_init_lc_numeric_1               0x080001c3   Thumb Code     0  libinit2.o(.ARM.Collect$$libinit$$00000017)
    __rt_lib_init_lc_time_1                  0x080001c3   Thumb Code     0  libinit2.o(.ARM.Collect$$libinit$$00000019)
    __rt_lib_init_preinit_1                  0x080001c3   Thumb Code     0  libinit2.o(.ARM.Collect$$libinit$$00000004)
    __rt_lib_init_rand_1                     0x080001c3   Thumb Code     0  libinit2.o(.ARM.Collect$$libinit$$0000000E)
    __rt_lib_init_return                     0x080001c3   Thumb Code     0  libinit2.o(.ARM.Collect$$libinit$$00000033)
    __rt_lib_init_signal_1                   0x080001c3   Thumb Code     0  libinit2.o(.ARM.Collect$$libinit$$0000001D)
    __rt_lib_init_stdio_1                    0x080001c3   Thumb Code     0  libinit2.o(.ARM.Collect$$libinit$$00000025)
    __rt_lib_init_user_alloc_1               0x080001c3   Thumb Code     0  libinit2.o(.ARM.Collect$$libinit$$0000000C)
    __rt_lib_shutdown                        0x080001c5   Thumb Code     0  libshutdown.o(.ARM.Collect$$libshutdown$$00000000)
    __rt_lib_shutdown_fp_trap_1              0x080001c7   Thumb Code     0  libshutdown2.o(.ARM.Collect$$libshutdown$$00000006)
    __rt_lib_shutdown_heap_1                 0x080001c7   Thumb Code     0  libshutdown2.o(.ARM.Collect$$libshutdown$$0000000E)
    __rt_lib_shutdown_return                 0x080001c7   Thumb Code     0  libshutdown2.o(.ARM.Collect$$libshutdown$$0000000F)
    __rt_lib_shutdown_signal_1               0x080001c7   Thumb Code     0  libshutdown2.o(.ARM.Collect$$libshutdown$$00000009)
    __rt_lib_shutdown_stdio_1                0x080001c7   Thumb Code     0  libshutdown2.o(.ARM.Collect$$libshutdown$$00000003)
    __rt_lib_shutdown_user_alloc_1           0x080001c7   Thumb Code     0  libshutdown2.o(.ARM.Collect$$libshutdown$$0000000B)
    __rt_entry                               0x080001c9   Thumb Code     0  __rtentry.o(.ARM.Collect$$rtentry$$00000000)
    __rt_entry_presh_1                       0x080001c9   Thumb Code     0  __rtentry2.o(.ARM.Collect$$rtentry$$00000002)
    __rt_entry_sh                            0x080001c9   Thumb Code     0  __rtentry4.o(.ARM.Collect$$rtentry$$00000004)
    __rt_entry_li                            0x080001cf   Thumb Code     0  __rtentry2.o(.ARM.Collect$$rtentry$$0000000A)
    __rt_entry_postsh_1                      0x080001cf   Thumb Code     0  __rtentry2.o(.ARM.Collect$$rtentry$$00000009)
    __rt_entry_main                          0x080001d3   Thumb Code     0  __rtentry2.o(.ARM.Collect$$rtentry$$0000000D)
    __rt_entry_postli_1                      0x080001d3   Thumb Code     0  __rtentry2.o(.ARM.Collect$$rtentry$$0000000C)
    __rt_exit                                0x080001db   Thumb Code     0  rtexit.o(.ARM.Collect$$rtexit$$00000000)
    __rt_exit_ls                             0x080001dd   Thumb Code     0  rtexit2.o(.ARM.Collect$$rtexit$$00000003)
    __rt_exit_prels_1                        0x080001dd   Thumb Code     0  rtexit2.o(.ARM.Collect$$rtexit$$00000002)
    __rt_exit_exit                           0x080001e1   Thumb Code     0  rtexit2.o(.ARM.Collect$$rtexit$$00000004)
    Reset_Handler                            0x080001e9   Thumb Code     8  startup_stm32f10x_hd.o(.text)
    ADC1_2_IRQHandler                        0x08000203   Thumb Code     0  startup_stm32f10x_hd.o(.text)
    ADC3_IRQHandler                          0x08000203   Thumb Code     0  startup_stm32f10x_hd.o(.text)
    CAN1_RX1_IRQHandler                      0x08000203   Thumb Code     0  startup_stm32f10x_hd.o(.text)
    CAN1_SCE_IRQHandler                      0x08000203   Thumb Code     0  startup_stm32f10x_hd.o(.text)
    DMA1_Channel1_IRQHandler                 0x08000203   Thumb Code     0  startup_stm32f10x_hd.o(.text)
    DMA1_Channel2_IRQHandler                 0x08000203   Thumb Code     0  startup_stm32f10x_hd.o(.text)
    DMA1_Channel3_IRQHandler                 0x08000203   Thumb Code     0  startup_stm32f10x_hd.o(.text)
    DMA1_Channel4_IRQHandler                 0x08000203   Thumb Code     0  startup_stm32f10x_hd.o(.text)
    DMA1_Channel5_IRQHandler                 0x08000203   Thumb Code     0  startup_stm32f10x_hd.o(.text)
    DMA1_Channel6_IRQHandler                 0x08000203   Thumb Code     0  startup_stm32f10x_hd.o(.text)
    DMA1_Channel7_IRQHandler                 0x08000203   Thumb Code     0  startup_stm32f10x_hd.o(.text)
    DMA2_Channel1_IRQHandler                 0x08000203   Thumb Code     0  startup_stm32f10x_hd.o(.text)
    DMA2_Channel2_IRQHandler                 0x08000203   Thumb Code     0  startup_stm32f10x_hd.o(.text)
    DMA2_Channel3_IRQHandler                 0x08000203   Thumb Code     0  startup_stm32f10x_hd.o(.text)
    DMA2_Channel4_5_IRQHandler               0x08000203   Thumb Code     0  startup_stm32f10x_hd.o(.text)
    EXTI0_IRQHandler                         0x08000203   Thumb Code     0  startup_stm32f10x_hd.o(.text)
    EXTI15_10_IRQHandler                     0x08000203   Thumb Code     0  startup_stm32f10x_hd.o(.text)
    EXTI1_IRQHandler                         0x08000203   Thumb Code     0  startup_stm32f10x_hd.o(.text)
    EXTI2_IRQHandler                         0x08000203   Thumb Code     0  startup_stm32f10x_hd.o(.text)
    EXTI3_IRQHandler                         0x08000203   Thumb Code     0  startup_stm32f10x_hd.o(.text)
    EXTI4_IRQHandler                         0x08000203   Thumb Code     0  startup_stm32f10x_hd.o(.text)
    EXTI9_5_IRQHandler                       0x08000203   Thumb Code     0  startup_stm32f10x_hd.o(.text)
    FLASH_IRQHandler                         0x08000203   Thumb Code     0  startup_stm32f10x_hd.o(.text)
    FSMC_IRQHandler                          0x08000203   Thumb Code     0  startup_stm32f10x_hd.o(.text)
    I2C1_ER_IRQHandler                       0x08000203   Thumb Code     0  startup_stm32f10x_hd.o(.text)
    I2C1_EV_IRQHandler                       0x08000203   Thumb Code     0  startup_stm32f10x_hd.o(.text)
    I2C2_ER_IRQHandler                       0x08000203   Thumb Code     0  startup_stm32f10x_hd.o(.text)
    I2C2_EV_IRQHandler                       0x08000203   Thumb Code     0  startup_stm32f10x_hd.o(.text)
    PVD_IRQHandler                           0x08000203   Thumb Code     0  startup_stm32f10x_hd.o(.text)
    RCC_IRQHandler                           0x08000203   Thumb Code     0  startup_stm32f10x_hd.o(.text)
    RTCAlarm_IRQHandler                      0x08000203   Thumb Code     0  startup_stm32f10x_hd.o(.text)
    RTC_IRQHandler                           0x08000203   Thumb Code     0  startup_stm32f10x_hd.o(.text)
    SPI1_IRQHandler                          0x08000203   Thumb Code     0  startup_stm32f10x_hd.o(.text)
    SPI2_IRQHandler                          0x08000203   Thumb Code     0  startup_stm32f10x_hd.o(.text)
    SPI3_IRQHandler                          0x08000203   Thumb Code     0  startup_stm32f10x_hd.o(.text)
    TAMPER_IRQHandler                        0x08000203   Thumb Code     0  startup_stm32f10x_hd.o(.text)
    TIM1_BRK_IRQHandler                      0x08000203   Thumb Code     0  startup_stm32f10x_hd.o(.text)
    TIM1_CC_IRQHandler                       0x08000203   Thumb Code     0  startup_stm32f10x_hd.o(.text)
    TIM1_TRG_COM_IRQHandler                  0x08000203   Thumb Code     0  startup_stm32f10x_hd.o(.text)
    TIM1_UP_IRQHandler                       0x08000203   Thumb Code     0  startup_stm32f10x_hd.o(.text)
    TIM2_IRQHandler                          0x08000203   Thumb Code     0  startup_stm32f10x_hd.o(.text)
    TIM3_IRQHandler                          0x08000203   Thumb Code     0  startup_stm32f10x_hd.o(.text)
    TIM4_IRQHandler                          0x08000203   Thumb Code     0  startup_stm32f10x_hd.o(.text)
    TIM5_IRQHandler                          0x08000203   Thumb Code     0  startup_stm32f10x_hd.o(.text)
    TIM6_IRQHandler                          0x08000203   Thumb Code     0  startup_stm32f10x_hd.o(.text)
    TIM7_IRQHandler                          0x08000203   Thumb Code     0  startup_stm32f10x_hd.o(.text)
    TIM8_BRK_IRQHandler                      0x08000203   Thumb Code     0  startup_stm32f10x_hd.o(.text)
    TIM8_CC_IRQHandler                       0x08000203   Thumb Code     0  startup_stm32f10x_hd.o(.text)
    TIM8_TRG_COM_IRQHandler                  0x08000203   Thumb Code     0  startup_stm32f10x_hd.o(.text)
    TIM8_UP_IRQHandler                       0x08000203   Thumb Code     0  startup_stm32f10x_hd.o(.text)
    UART4_IRQHandler                         0x08000203   Thumb Code     0  startup_stm32f10x_hd.o(.text)
    UART5_IRQHandler                         0x08000203   Thumb Code     0  startup_stm32f10x_hd.o(.text)
    USART2_IRQHandler                        0x08000203   Thumb Code     0  startup_stm32f10x_hd.o(.text)
    USART3_IRQHandler                        0x08000203   Thumb Code     0  startup_stm32f10x_hd.o(.text)
    USBWakeUp_IRQHandler                     0x08000203   Thumb Code     0  startup_stm32f10x_hd.o(.text)
    USB_HP_CAN1_TX_IRQHandler                0x08000203   Thumb Code     0  startup_stm32f10x_hd.o(.text)
    USB_LP_CAN1_RX0_IRQHandler               0x08000203   Thumb Code     0  startup_stm32f10x_hd.o(.text)
    WWDG_IRQHandler                          0x08000203   Thumb Code     0  startup_stm32f10x_hd.o(.text)
    __user_initial_stackheap                 0x08000205   Thumb Code     0  startup_stm32f10x_hd.o(.text)
    __use_no_semihosting                     0x08000229   Thumb Code     2  use_no_semi_2.o(.text)
    __aeabi_ldivmod                          0x0800022b   Thumb Code     0  llsdiv.o(.text)
    _ll_sdiv                                 0x0800022b   Thumb Code    72  llsdiv.o(.text)
    __2printf                                0x08000275   Thumb Code    20  noretval__2printf.o(.text)
    __2sprintf                               0x0800028d   Thumb Code    34  noretval__2sprintf.o(.text)
    __printf                                 0x080002b5   Thumb Code   104  __printf.o(.text)
    _printf_str                              0x0800031d   Thumb Code    82  _printf_str.o(.text)
    _printf_int_dec                          0x08000371   Thumb Code   104  _printf_dec.o(.text)
    _printf_int_hex                          0x080003e9   Thumb Code    84  _printf_hex_int.o(.text)
    _printf_longlong_hex                     0x080003e9   Thumb Code     0  _printf_hex_int.o(.text)
    strchr                                   0x08000441   Thumb Code    20  strchr.o(.text)
    memcmp                                   0x08000455   Thumb Code    88  memcmp.o(.text)
    strlen                                   0x080004ad   Thumb Code    62  strlen.o(.text)
    __aeabi_memcpy                           0x080004eb   Thumb Code     0  rt_memcpy_v6.o(.text)
    __rt_memcpy                              0x080004eb   Thumb Code   138  rt_memcpy_v6.o(.text)
    _memcpy_lastbytes                        0x08000551   Thumb Code     0  rt_memcpy_v6.o(.text)
    __aeabi_memcpy4                          0x08000575   Thumb Code     0  rt_memcpy_w.o(.text)
    __aeabi_memcpy8                          0x08000575   Thumb Code     0  rt_memcpy_w.o(.text)
    __rt_memcpy_w                            0x08000575   Thumb Code   100  rt_memcpy_w.o(.text)
    _memcpy_lastbytes_aligned                0x080005bd   Thumb Code     0  rt_memcpy_w.o(.text)
    __aeabi_memset                           0x080005d9   Thumb Code    16  aeabi_memset.o(.text)
    __aeabi_memclr                           0x080005e9   Thumb Code     0  rt_memclr.o(.text)
    __rt_memclr                              0x080005e9   Thumb Code    68  rt_memclr.o(.text)
    _memset                                  0x080005ed   Thumb Code     0  rt_memclr.o(.text)
    __aeabi_memclr4                          0x0800062d   Thumb Code     0  rt_memclr_w.o(.text)
    __aeabi_memclr8                          0x0800062d   Thumb Code     0  rt_memclr_w.o(.text)
    __rt_memclr_w                            0x0800062d   Thumb Code    78  rt_memclr_w.o(.text)
    _memset_w                                0x08000631   Thumb Code     0  rt_memclr_w.o(.text)
    __use_two_region_memory                  0x0800067b   Thumb Code     2  heapauxi.o(.text)
    __rt_heap_escrow$2region                 0x0800067d   Thumb Code     2  heapauxi.o(.text)
    __rt_heap_expand$2region                 0x0800067f   Thumb Code     2  heapauxi.o(.text)
    __I$use$semihosting                      0x08000681   Thumb Code     0  use_no_semi.o(.text)
    __use_no_semihosting_swi                 0x08000681   Thumb Code     2  use_no_semi.o(.text)
    __aeabi_uldivmod                         0x08000683   Thumb Code     0  lludivv7m.o(.text)
    _ll_udiv                                 0x08000683   Thumb Code   238  lludivv7m.o(.text)
    _printf_int_common                       0x08000771   Thumb Code   178  _printf_intcommon.o(.text)
    _printf_char_common                      0x0800082f   Thumb Code    32  _printf_char_common.o(.text)
    _sputc                                   0x08000855   Thumb Code    10  _sputc.o(.text)
    _printf_cs_common                        0x0800085f   Thumb Code    20  _printf_char.o(.text)
    _printf_char                             0x08000873   Thumb Code    16  _printf_char.o(.text)
    _printf_string                           0x08000883   Thumb Code     8  _printf_char.o(.text)
    _printf_char_file                        0x0800088d   Thumb Code    32  _printf_char_file.o(.text)
    ferror                                   0x080008b1   Thumb Code     8  ferror.o(.text)
    __user_setup_stackheap                   0x080008b9   Thumb Code    74  sys_stackheap_outer.o(.text)
    exit                                     0x08000903   Thumb Code    12  exit.o(.text)
    __user_libspace                          0x08000911   Thumb Code     8  libspace.o(.text)
    __user_perproc_libspace                  0x08000911   Thumb Code     0  libspace.o(.text)
    __user_perthread_libspace                0x08000911   Thumb Code     0  libspace.o(.text)
    BusFault_Handler                         0x08000919   Thumb Code     2  stm32f10x_it.o(i.BusFault_Handler)
    CmdError                                 0x0800091b   Thumb Code    42  sdio_sdcard.o(i.CmdError)
    CmdResp1Error                            0x08000945   Thumb Code    74  sdio_sdcard.o(i.CmdResp1Error)
    CmdResp2Error                            0x08000995   Thumb Code    72  sdio_sdcard.o(i.CmdResp2Error)
    CmdResp3Error                            0x080009e1   Thumb Code    42  sdio_sdcard.o(i.CmdResp3Error)
    CmdResp6Error                            0x08000a11   Thumb Code   120  sdio_sdcard.o(i.CmdResp6Error)
    CmdResp7Error                            0x08000a8d   Thumb Code    60  sdio_sdcard.o(i.CmdResp7Error)
    DMA_Cmd                                  0x08000acd   Thumb Code    26  stm32f10x_dma.o(i.DMA_Cmd)
    DMA_DeInit                               0x08000ae9   Thumb Code   238  stm32f10x_dma.o(i.DMA_DeInit)
    DMA_Init                                 0x08000be1   Thumb Code    58  stm32f10x_dma.o(i.DMA_Init)
    DebugMon_Handler                         0x08000c1b   Thumb Code     2  stm32f10x_it.o(i.DebugMon_Handler)
    FindSCR                                  0x08000c1d   Thumb Code   368  sdio_sdcard.o(i.FindSCR)
    GPIO_Init                                0x08000d99   Thumb Code   166  stm32f10x_gpio.o(i.GPIO_Init)
    GPIO_SetBits                             0x08000e3f   Thumb Code     4  stm32f10x_gpio.o(i.GPIO_SetBits)
    HardFault_Handler                        0x08000e43   Thumb Code     2  stm32f10x_it.o(i.HardFault_Handler)
    INTX_DISABLE                             0x08000e45   Thumb Code     4  sys.o(i.INTX_DISABLE)
    INTX_ENABLE                              0x08000e49   Thumb Code     4  sys.o(i.INTX_ENABLE)
    IsCardProgramming                        0x08000e4d   Thumb Code   130  sdio_sdcard.o(i.IsCardProgramming)
    LED_Init                                 0x08000edd   Thumb Code    70  led.o(i.LED_Init)
    MemManage_Handler                        0x08000f2d   Thumb Code     2  stm32f10x_it.o(i.MemManage_Handler)
    NMI_Handler                              0x08000f2f   Thumb Code     2  stm32f10x_it.o(i.NMI_Handler)
    NVIC_Init                                0x08000f31   Thumb Code    96  misc.o(i.NVIC_Init)
    NVIC_PriorityGroupConfig                 0x08000f95   Thumb Code    10  misc.o(i.NVIC_PriorityGroupConfig)
    PendSV_Handler                           0x08000fa9   Thumb Code     2  stm32f10x_it.o(i.PendSV_Handler)
    RCC_AHBPeriphClockCmd                    0x08000fad   Thumb Code    22  stm32f10x_rcc.o(i.RCC_AHBPeriphClockCmd)
    RCC_APB1PeriphClockCmd                   0x08000fc9   Thumb Code    22  stm32f10x_rcc.o(i.RCC_APB1PeriphClockCmd)
    RCC_APB2PeriphClockCmd                   0x08000fe5   Thumb Code    22  stm32f10x_rcc.o(i.RCC_APB2PeriphClockCmd)
    RCC_GetClocksFreq                        0x08001001   Thumb Code   154  stm32f10x_rcc.o(i.RCC_GetClocksFreq)
    SDEnWideBus                              0x080010ad   Thumb Code   128  sdio_sdcard.o(i.SDEnWideBus)
    SDIO_ClearFlag                           0x08001139   Thumb Code     6  stm32f10x_sdio.o(i.SDIO_ClearFlag)
    SDIO_ClockCmd                            0x08001145   Thumb Code     6  stm32f10x_sdio.o(i.SDIO_ClockCmd)
    SDIO_Clock_Set                           0x08001151   Thumb Code    14  sdio_sdcard.o(i.SDIO_Clock_Set)
    SDIO_DMACmd                              0x08001165   Thumb Code     6  stm32f10x_sdio.o(i.SDIO_DMACmd)
    SDIO_DataConfig                          0x08001171   Thumb Code    38  stm32f10x_sdio.o(i.SDIO_DataConfig)
    SDIO_DeInit                              0x0800119d   Thumb Code    26  stm32f10x_sdio.o(i.SDIO_DeInit)
    SDIO_GetFlagStatus                       0x080011c1   Thumb Code    16  stm32f10x_sdio.o(i.SDIO_GetFlagStatus)
    SDIO_GetPowerState                       0x080011d5   Thumb Code    10  stm32f10x_sdio.o(i.SDIO_GetPowerState)
    SDIO_IRQHandler                          0x080011e5   Thumb Code     4  sdio_sdcard.o(i.SDIO_IRQHandler)
    SDIO_Init                                0x080011e9   Thumb Code    40  stm32f10x_sdio.o(i.SDIO_Init)
    SDIO_ReadData                            0x08001215   Thumb Code     6  stm32f10x_sdio.o(i.SDIO_ReadData)
    SDIO_SendCommand                         0x08001221   Thumb Code    34  stm32f10x_sdio.o(i.SDIO_SendCommand)
    SDIO_SetPowerState                       0x08001249   Thumb Code     6  stm32f10x_sdio.o(i.SDIO_SetPowerState)
    SDIO_WriteData                           0x08001255   Thumb Code     6  stm32f10x_sdio.o(i.SDIO_WriteData)
    SD_DMA_Config                            0x08001261   Thumb Code    90  sdio_sdcard.o(i.SD_DMA_Config)
    SD_EnableWideBusOperation                0x080012c5   Thumb Code    72  sdio_sdcard.o(i.SD_EnableWideBusOperation)
    SD_GetCardInfo                           0x08001315   Thumb Code   536  sdio_sdcard.o(i.SD_GetCardInfo)
    SD_Init                                  0x08001535   Thumb Code   206  sdio_sdcard.o(i.SD_Init)
    SD_InitializeCards                       0x08001615   Thumb Code   266  sdio_sdcard.o(i.SD_InitializeCards)
    SD_PowerON                               0x0800172d   Thumb Code   400  sdio_sdcard.o(i.SD_PowerON)
    SD_ProcessIRQSrc                         0x080018d1   Thumb Code   222  sdio_sdcard.o(i.SD_ProcessIRQSrc)
    SD_ReadBlock                             0x080019bd   Thumb Code   534  sdio_sdcard.o(i.SD_ReadBlock)
    SD_ReadDisk                              0x08001be9   Thumb Code   120  sdio_sdcard.o(i.SD_ReadDisk)
    SD_ReadMultiBlocks                       0x08001c65   Thumb Code   658  sdio_sdcard.o(i.SD_ReadMultiBlocks)
    SD_SelectDeselect                        0x08001f0d   Thumb Code    40  sdio_sdcard.o(i.SD_SelectDeselect)
    SD_SetDeviceMode                         0x08001f39   Thumb Code    20  sdio_sdcard.o(i.SD_SetDeviceMode)
    SD_WriteBlock                            0x08001f51   Thumb Code   740  sdio_sdcard.o(i.SD_WriteBlock)
    SD_WriteDisk                             0x08002245   Thumb Code   110  sdio_sdcard.o(i.SD_WriteDisk)
    SD_WriteMultiBlocks                      0x080022b9   Thumb Code   780  sdio_sdcard.o(i.SD_WriteMultiBlocks)
    SPI2_Init                                0x080025d5   Thumb Code   138  spi.o(i.SPI2_Init)
    SPI2_ReadWriteByte                       0x08002669   Thumb Code    82  spi.o(i.SPI2_ReadWriteByte)
    SPI2_SetSpeed                            0x080026c1   Thumb Code    24  spi.o(i.SPI2_SetSpeed)
    SPI_Cmd                                  0x080026dd   Thumb Code    24  stm32f10x_spi.o(i.SPI_Cmd)
    SPI_I2S_GetFlagStatus                    0x080026f5   Thumb Code    14  stm32f10x_spi.o(i.SPI_I2S_GetFlagStatus)
    SPI_I2S_ReceiveData                      0x08002703   Thumb Code     4  stm32f10x_spi.o(i.SPI_I2S_ReceiveData)
    SPI_I2S_SendData                         0x08002707   Thumb Code     4  stm32f10x_spi.o(i.SPI_I2S_SendData)
    SPI_Init                                 0x0800270b   Thumb Code    56  stm32f10x_spi.o(i.SPI_Init)
    SVC_Handler                              0x08002743   Thumb Code     2  stm32f10x_it.o(i.SVC_Handler)
    SysTick_CLKSourceConfig                  0x080027f9   Thumb Code    28  misc.o(i.SysTick_CLKSourceConfig)
    SysTick_Handler                          0x08002815   Thumb Code     2  stm32f10x_it.o(i.SysTick_Handler)
    SystemInit                               0x08002819   Thumb Code    64  system_stm32f10x.o(i.SystemInit)
    USART1_IRQHandler                        0x08002869   Thumb Code    92  usart.o(i.USART1_IRQHandler)
    USART_Cmd                                0x080028d1   Thumb Code    24  stm32f10x_usart.o(i.USART_Cmd)
    USART_GetITStatus                        0x080028e9   Thumb Code    64  stm32f10x_usart.o(i.USART_GetITStatus)
    USART_ITConfig                           0x08002929   Thumb Code    54  stm32f10x_usart.o(i.USART_ITConfig)
    USART_Init                               0x08002961   Thumb Code   182  stm32f10x_usart.o(i.USART_Init)
    USART_ReceiveData                        0x08002a1d   Thumb Code     8  stm32f10x_usart.o(i.USART_ReceiveData)
    UsageFault_Handler                       0x08002a25   Thumb Code     2  stm32f10x_it.o(i.UsageFault_Handler)
    W25QXX_Erase_Sector                      0x08002a29   Thumb Code    68  w25qxx.o(i.W25QXX_Erase_Sector)
    W25QXX_Init                              0x08002a79   Thumb Code    74  w25qxx.o(i.W25QXX_Init)
    W25QXX_Read                              0x08002ad1   Thumb Code    76  w25qxx.o(i.W25QXX_Read)
    W25QXX_ReadID                            0x08002b21   Thumb Code    56  w25qxx.o(i.W25QXX_ReadID)
    W25QXX_ReadSR                            0x08002b5d   Thumb Code    26  w25qxx.o(i.W25QXX_ReadSR)
    W25QXX_Wait_Busy                         0x08002b7d   Thumb Code    12  w25qxx.o(i.W25QXX_Wait_Busy)
    W25QXX_Write                             0x08002b89   Thumb Code   158  w25qxx.o(i.W25QXX_Write)
    W25QXX_Write_Enable                      0x08002c2d   Thumb Code    20  w25qxx.o(i.W25QXX_Write_Enable)
    W25QXX_Write_NoCheck                     0x08002c45   Thumb Code    62  w25qxx.o(i.W25QXX_Write_NoCheck)
    W25QXX_Write_Page                        0x08002c85   Thumb Code    82  w25qxx.o(i.W25QXX_Write_Page)
    _sys_exit                                0x08002cdd   Thumb Code     2  usart.o(i._sys_exit)
    convert_from_bytes_to_power_of_two       0x08002e61   Thumb Code    18  sdio_sdcard.o(i.convert_from_bytes_to_power_of_two)
    delay_init                               0x080032ed   Thumb Code    46  delay.o(i.delay_init)
    delay_ms                                 0x08003329   Thumb Code    46  delay.o(i.delay_ms)
    disk_initialize                          0x08003815   Thumb Code    46  diskio.o(i.disk_initialize)
    disk_ioctl                               0x08003849   Thumb Code   124  diskio.o(i.disk_ioctl)
    disk_read                                0x080038cd   Thumb Code   100  diskio.o(i.disk_read)
    disk_status                              0x08003931   Thumb Code     4  diskio.o(i.disk_status)
    disk_write                               0x08003935   Thumb Code   100  diskio.o(i.disk_write)
    f_close                                  0x08003999   Thumb Code    32  ff.o(i.f_close)
    f_mkdir                                  0x080039b9   Thumb Code   242  ff.o(i.f_mkdir)
    f_mkfs                                   0x08003aad   Thumb Code  1428  ff.o(i.f_mkfs)
    f_mount                                  0x08004045   Thumb Code    72  ff.o(i.f_mount)
    f_open                                   0x08004091   Thumb Code   438  ff.o(i.f_open)
    f_opendir                                0x08004247   Thumb Code   108  ff.o(i.f_opendir)
    f_read                                   0x080042b3   Thumb Code   356  ff.o(i.f_read)
    f_readdir                                0x08004417   Thumb Code    74  ff.o(i.f_readdir)
    f_sync                                   0x08004461   Thumb Code   144  ff.o(i.f_sync)
    f_write                                  0x080044f1   Thumb Code   418  ff.o(i.f_write)
    ff_oem2uni                               0x08004695   Thumb Code    76  ffunicode.o(i.ff_oem2uni)
    ff_uni2oem                               0x080046e5   Thumb Code    84  ffunicode.o(i.ff_uni2oem)
    ff_wtoupper                              0x0800473d   Thumb Code   140  ffunicode.o(i.ff_wtoupper)
    fputc                                    0x080048ad   Thumb Code    18  usart.o(i.fputc)
    get_fattime                              0x08004a2d   Thumb Code     4  diskio.o(i.get_fattime)
    main                                     0x08004be5   Thumb Code    34  main.o(i.main)
    show_sdcard_info                         0x08005159   Thumb Code   102  test_sdio.o(i.show_sdcard_info)
    test_fatfs                               0x080053f9   Thumb Code   462  test_fatfs.o(i.test_fatfs)
    test_sdio_init                           0x0800584d   Thumb Code    88  test_sdio.o(i.test_sdio_init)
    uart_init                                0x0800594d   Thumb Code   152  usart.o(i.uart_init)
    Region$$Table$$Base                      0x08030744   Number         0  anon$$obj.o(Region$$Table)
    Region$$Table$$Limit                     0x08030764   Number         0  anon$$obj.o(Region$$Table)
    SystemCoreClock                          0x20000000   Data           4  system_stm32f10x.o(.data)
    AHBPrescTable                            0x20000004   Data          16  system_stm32f10x.o(.data)
    TransferError                            0x2000002b   Data           1  sdio_sdcard.o(.data)
    TransferEnd                              0x2000002c   Data           1  sdio_sdcard.o(.data)
    tempbuff                                 0x20000034   Data           4  sdio_sdcard.o(.data)
    W25QXX_TYPE                              0x20000038   Data           2  w25qxx.o(.data)
    USART_RX_STA                             0x2000003e   Data           2  usart.o(.data)
    __stdout                                 0x20000040   Data           4  usart.o(.data)
    FLASH_SECTOR_COUNT                       0x20000044   Data           2  diskio.o(.data)
    SDIO_InitStructure                       0x20000058   Data          24  sdio_sdcard.o(.bss)
    SDIO_CmdInitStructure                    0x20000070   Data          20  sdio_sdcard.o(.bss)
    SDIO_DataInitStructure                   0x20000084   Data          24  sdio_sdcard.o(.bss)
    SDCardInfo                               0x200000c0   Data          88  sdio_sdcard.o(.bss)
    SDIO_DATA_BUFFER                         0x20000118   Data         512  sdio_sdcard.o(.bss)
    W25QXX_BUFFER                            0x20000318   Data        4096  w25qxx.o(.bss)
    USART_RX_BUF                             0x20001318   Data         200  usart.o(.bss)
    __libspace_start                         0x200015e0   Data          96  libspace.o(.bss)
    __temporary_stack_top$libspace           0x20001640   Data           0  libspace.o(.bss)



==============================================================================

Memory Map of the image

  Image Entry point : 0x08000131

  Load Region LR_IROM1 (Base: 0x08000000, Size: 0x000307b8, Max: 0x00080000, ABSOLUTE)

    Execution Region ER_IROM1 (Base: 0x08000000, Size: 0x00030764, Max: 0x00080000, ABSOLUTE)

    Base Addr    Size         Type   Attr      Idx    E Section Name        Object

    0x08000000   0x00000130   Data   RO          236    RESET               startup_stm32f10x_hd.o
    0x08000130   0x00000008   Code   RO         4249  * !!!main             c_w.l(__main.o)
    0x08000138   0x00000034   Code   RO         4432    !!!scatter          c_w.l(__scatter.o)
    0x0800016c   0x0000001a   Code   RO         4434    !!handler_copy      c_w.l(__scatter_copy.o)
    0x08000186   0x00000002   PAD
    0x08000188   0x0000001c   Code   RO         4436    !!handler_zi        c_w.l(__scatter_zi.o)
    0x080001a4   0x00000000   Code   RO         4230    .ARM.Collect$$_printf_percent$$00000000  c_w.l(_printf_percent.o)
    0x080001a4   0x00000006   Code   RO         4228    .ARM.Collect$$_printf_percent$$00000009  c_w.l(_printf_d.o)
    0x080001aa   0x00000006   Code   RO         4229    .ARM.Collect$$_printf_percent$$0000000A  c_w.l(_printf_u.o)
    0x080001b0   0x00000006   Code   RO         4227    .ARM.Collect$$_printf_percent$$0000000C  c_w.l(_printf_x.o)
    0x080001b6   0x00000006   Code   RO         4226    .ARM.Collect$$_printf_percent$$00000014  c_w.l(_printf_s.o)
    0x080001bc   0x00000004   Code   RO         4266    .ARM.Collect$$_printf_percent$$00000017  c_w.l(_printf_percent_end.o)
    0x080001c0   0x00000002   Code   RO         4303    .ARM.Collect$$libinit$$00000000  c_w.l(libinit.o)
    0x080001c2   0x00000000   Code   RO         4314    .ARM.Collect$$libinit$$00000002  c_w.l(libinit2.o)
    0x080001c2   0x00000000   Code   RO         4316    .ARM.Collect$$libinit$$00000004  c_w.l(libinit2.o)
    0x080001c2   0x00000000   Code   RO         4319    .ARM.Collect$$libinit$$0000000A  c_w.l(libinit2.o)
    0x080001c2   0x00000000   Code   RO         4321    .ARM.Collect$$libinit$$0000000C  c_w.l(libinit2.o)
    0x080001c2   0x00000000   Code   RO         4323    .ARM.Collect$$libinit$$0000000E  c_w.l(libinit2.o)
    0x080001c2   0x00000000   Code   RO         4326    .ARM.Collect$$libinit$$00000011  c_w.l(libinit2.o)
    0x080001c2   0x00000000   Code   RO         4328    .ARM.Collect$$libinit$$00000013  c_w.l(libinit2.o)
    0x080001c2   0x00000000   Code   RO         4330    .ARM.Collect$$libinit$$00000015  c_w.l(libinit2.o)
    0x080001c2   0x00000000   Code   RO         4332    .ARM.Collect$$libinit$$00000017  c_w.l(libinit2.o)
    0x080001c2   0x00000000   Code   RO         4334    .ARM.Collect$$libinit$$00000019  c_w.l(libinit2.o)
    0x080001c2   0x00000000   Code   RO         4336    .ARM.Collect$$libinit$$0000001B  c_w.l(libinit2.o)
    0x080001c2   0x00000000   Code   RO         4338    .ARM.Collect$$libinit$$0000001D  c_w.l(libinit2.o)
    0x080001c2   0x00000000   Code   RO         4340    .ARM.Collect$$libinit$$0000001F  c_w.l(libinit2.o)
    0x080001c2   0x00000000   Code   RO         4342    .ARM.Collect$$libinit$$00000021  c_w.l(libinit2.o)
    0x080001c2   0x00000000   Code   RO         4344    .ARM.Collect$$libinit$$00000023  c_w.l(libinit2.o)
    0x080001c2   0x00000000   Code   RO         4346    .ARM.Collect$$libinit$$00000025  c_w.l(libinit2.o)
    0x080001c2   0x00000000   Code   RO         4350    .ARM.Collect$$libinit$$0000002C  c_w.l(libinit2.o)
    0x080001c2   0x00000000   Code   RO         4352    .ARM.Collect$$libinit$$0000002E  c_w.l(libinit2.o)
    0x080001c2   0x00000000   Code   RO         4354    .ARM.Collect$$libinit$$00000030  c_w.l(libinit2.o)
    0x080001c2   0x00000000   Code   RO         4356    .ARM.Collect$$libinit$$00000032  c_w.l(libinit2.o)
    0x080001c2   0x00000002   Code   RO         4357    .ARM.Collect$$libinit$$00000033  c_w.l(libinit2.o)
    0x080001c4   0x00000002   Code   RO         4385    .ARM.Collect$$libshutdown$$00000000  c_w.l(libshutdown.o)
    0x080001c6   0x00000000   Code   RO         4400    .ARM.Collect$$libshutdown$$00000003  c_w.l(libshutdown2.o)
    0x080001c6   0x00000000   Code   RO         4403    .ARM.Collect$$libshutdown$$00000006  c_w.l(libshutdown2.o)
    0x080001c6   0x00000000   Code   RO         4406    .ARM.Collect$$libshutdown$$00000009  c_w.l(libshutdown2.o)
    0x080001c6   0x00000000   Code   RO         4408    .ARM.Collect$$libshutdown$$0000000B  c_w.l(libshutdown2.o)
    0x080001c6   0x00000000   Code   RO         4411    .ARM.Collect$$libshutdown$$0000000E  c_w.l(libshutdown2.o)
    0x080001c6   0x00000002   Code   RO         4412    .ARM.Collect$$libshutdown$$0000000F  c_w.l(libshutdown2.o)
    0x080001c8   0x00000000   Code   RO         4253    .ARM.Collect$$rtentry$$00000000  c_w.l(__rtentry.o)
    0x080001c8   0x00000000   Code   RO         4268    .ARM.Collect$$rtentry$$00000002  c_w.l(__rtentry2.o)
    0x080001c8   0x00000006   Code   RO         4280    .ARM.Collect$$rtentry$$00000004  c_w.l(__rtentry4.o)
    0x080001ce   0x00000000   Code   RO         4270    .ARM.Collect$$rtentry$$00000009  c_w.l(__rtentry2.o)
    0x080001ce   0x00000004   Code   RO         4271    .ARM.Collect$$rtentry$$0000000A  c_w.l(__rtentry2.o)
    0x080001d2   0x00000000   Code   RO         4273    .ARM.Collect$$rtentry$$0000000C  c_w.l(__rtentry2.o)
    0x080001d2   0x00000008   Code   RO         4274    .ARM.Collect$$rtentry$$0000000D  c_w.l(__rtentry2.o)
    0x080001da   0x00000002   Code   RO         4307    .ARM.Collect$$rtexit$$00000000  c_w.l(rtexit.o)
    0x080001dc   0x00000000   Code   RO         4359    .ARM.Collect$$rtexit$$00000002  c_w.l(rtexit2.o)
    0x080001dc   0x00000004   Code   RO         4360    .ARM.Collect$$rtexit$$00000003  c_w.l(rtexit2.o)
    0x080001e0   0x00000006   Code   RO         4361    .ARM.Collect$$rtexit$$00000004  c_w.l(rtexit2.o)
    0x080001e6   0x00000002   PAD
    0x080001e8   0x00000040   Code   RO          237    .text               startup_stm32f10x_hd.o
    0x08000228   0x00000002   Code   RO         4167    .text               c_w.l(use_no_semi_2.o)
    0x0800022a   0x00000048   Code   RO         4169    .text               c_w.l(llsdiv.o)
    0x08000272   0x00000002   PAD
    0x08000274   0x00000018   Code   RO         4175    .text               c_w.l(noretval__2printf.o)
    0x0800028c   0x00000028   Code   RO         4177    .text               c_w.l(noretval__2sprintf.o)
    0x080002b4   0x00000068   Code   RO         4179    .text               c_w.l(__printf.o)
    0x0800031c   0x00000052   Code   RO         4181    .text               c_w.l(_printf_str.o)
    0x0800036e   0x00000002   PAD
    0x08000370   0x00000078   Code   RO         4183    .text               c_w.l(_printf_dec.o)
    0x080003e8   0x00000058   Code   RO         4188    .text               c_w.l(_printf_hex_int.o)
    0x08000440   0x00000014   Code   RO         4231    .text               c_w.l(strchr.o)
    0x08000454   0x00000058   Code   RO         4233    .text               c_w.l(memcmp.o)
    0x080004ac   0x0000003e   Code   RO         4235    .text               c_w.l(strlen.o)
    0x080004ea   0x0000008a   Code   RO         4237    .text               c_w.l(rt_memcpy_v6.o)
    0x08000574   0x00000064   Code   RO         4239    .text               c_w.l(rt_memcpy_w.o)
    0x080005d8   0x00000010   Code   RO         4241    .text               c_w.l(aeabi_memset.o)
    0x080005e8   0x00000044   Code   RO         4243    .text               c_w.l(rt_memclr.o)
    0x0800062c   0x0000004e   Code   RO         4245    .text               c_w.l(rt_memclr_w.o)
    0x0800067a   0x00000006   Code   RO         4247    .text               c_w.l(heapauxi.o)
    0x08000680   0x00000002   Code   RO         4251    .text               c_w.l(use_no_semi.o)
    0x08000682   0x000000ee   Code   RO         4254    .text               c_w.l(lludivv7m.o)
    0x08000770   0x000000b2   Code   RO         4256    .text               c_w.l(_printf_intcommon.o)
    0x08000822   0x00000002   PAD
    0x08000824   0x00000030   Code   RO         4258    .text               c_w.l(_printf_char_common.o)
    0x08000854   0x0000000a   Code   RO         4260    .text               c_w.l(_sputc.o)
    0x0800085e   0x0000002c   Code   RO         4262    .text               c_w.l(_printf_char.o)
    0x0800088a   0x00000002   PAD
    0x0800088c   0x00000024   Code   RO         4264    .text               c_w.l(_printf_char_file.o)
    0x080008b0   0x00000008   Code   RO         4288    .text               c_w.l(ferror.o)
    0x080008b8   0x0000004a   Code   RO         4292    .text               c_w.l(sys_stackheap_outer.o)
    0x08000902   0x0000000c   Code   RO         4296    .text               c_w.l(exit.o)
    0x0800090e   0x00000002   PAD
    0x08000910   0x00000008   Code   RO         4304    .text               c_w.l(libspace.o)
    0x08000918   0x00000002   Code   RO          137    i.BusFault_Handler  stm32f10x_it.o
    0x0800091a   0x0000002a   Code   RO         3235    i.CmdError          sdio_sdcard.o
    0x08000944   0x00000050   Code   RO         3236    i.CmdResp1Error     sdio_sdcard.o
    0x08000994   0x0000004c   Code   RO         3237    i.CmdResp2Error     sdio_sdcard.o
    0x080009e0   0x00000030   Code   RO         3238    i.CmdResp3Error     sdio_sdcard.o
    0x08000a10   0x0000007c   Code   RO         3239    i.CmdResp6Error     sdio_sdcard.o
    0x08000a8c   0x00000040   Code   RO         3240    i.CmdResp7Error     sdio_sdcard.o
    0x08000acc   0x0000001a   Code   RO          995    i.DMA_Cmd           stm32f10x_dma.o
    0x08000ae6   0x00000002   PAD
    0x08000ae8   0x000000f8   Code   RO          996    i.DMA_DeInit        stm32f10x_dma.o
    0x08000be0   0x0000003a   Code   RO         1001    i.DMA_Init          stm32f10x_dma.o
    0x08000c1a   0x00000002   Code   RO          138    i.DebugMon_Handler  stm32f10x_it.o
    0x08000c1c   0x0000017c   Code   RO         3241    i.FindSCR           sdio_sdcard.o
    0x08000d98   0x000000a6   Code   RO         1419    i.GPIO_Init         stm32f10x_gpio.o
    0x08000e3e   0x00000004   Code   RO         1427    i.GPIO_SetBits      stm32f10x_gpio.o
    0x08000e42   0x00000002   Code   RO          139    i.HardFault_Handler  stm32f10x_it.o
    0x08000e44   0x00000004   Code   RO         3611    i.INTX_DISABLE      sys.o
    0x08000e48   0x00000004   Code   RO         3612    i.INTX_ENABLE       sys.o
    0x08000e4c   0x00000090   Code   RO         3242    i.IsCardProgramming  sdio_sdcard.o
    0x08000edc   0x00000050   Code   RO         3439    i.LED_Init          led.o
    0x08000f2c   0x00000002   Code   RO          140    i.MemManage_Handler  stm32f10x_it.o
    0x08000f2e   0x00000002   Code   RO          141    i.NMI_Handler       stm32f10x_it.o
    0x08000f30   0x00000064   Code   RO          242    i.NVIC_Init         misc.o
    0x08000f94   0x00000014   Code   RO          243    i.NVIC_PriorityGroupConfig  misc.o
    0x08000fa8   0x00000002   Code   RO          142    i.PendSV_Handler    stm32f10x_it.o
    0x08000faa   0x00000002   PAD
    0x08000fac   0x0000001c   Code   RO         1834    i.RCC_AHBPeriphClockCmd  stm32f10x_rcc.o
    0x08000fc8   0x0000001c   Code   RO         1835    i.RCC_APB1PeriphClockCmd  stm32f10x_rcc.o
    0x08000fe4   0x0000001c   Code   RO         1837    i.RCC_APB2PeriphClockCmd  stm32f10x_rcc.o
    0x08001000   0x000000ac   Code   RO         1845    i.RCC_GetClocksFreq  stm32f10x_rcc.o
    0x080010ac   0x0000008c   Code   RO         3243    i.SDEnWideBus       sdio_sdcard.o
    0x08001138   0x0000000c   Code   RO         2124    i.SDIO_ClearFlag    stm32f10x_sdio.o
    0x08001144   0x0000000c   Code   RO         2126    i.SDIO_ClockCmd     stm32f10x_sdio.o
    0x08001150   0x00000014   Code   RO         3244    i.SDIO_Clock_Set    sdio_sdcard.o
    0x08001164   0x0000000c   Code   RO         2129    i.SDIO_DMACmd       stm32f10x_sdio.o
    0x08001170   0x0000002c   Code   RO         2130    i.SDIO_DataConfig   stm32f10x_sdio.o
    0x0800119c   0x00000024   Code   RO         2132    i.SDIO_DeInit       stm32f10x_sdio.o
    0x080011c0   0x00000014   Code   RO         2136    i.SDIO_GetFlagStatus  stm32f10x_sdio.o
    0x080011d4   0x00000010   Code   RO         2138    i.SDIO_GetPowerState  stm32f10x_sdio.o
    0x080011e4   0x00000004   Code   RO         3245    i.SDIO_IRQHandler   sdio_sdcard.o
    0x080011e8   0x0000002c   Code   RO         2141    i.SDIO_Init         stm32f10x_sdio.o
    0x08001214   0x0000000c   Code   RO         2142    i.SDIO_ReadData     stm32f10x_sdio.o
    0x08001220   0x00000028   Code   RO         2144    i.SDIO_SendCommand  stm32f10x_sdio.o
    0x08001248   0x0000000c   Code   RO         2146    i.SDIO_SetPowerState  stm32f10x_sdio.o
    0x08001254   0x0000000c   Code   RO         2152    i.SDIO_WriteData    stm32f10x_sdio.o
    0x08001260   0x00000064   Code   RO         3246    i.SD_DMA_Config     sdio_sdcard.o
    0x080012c4   0x00000050   Code   RO         3247    i.SD_EnableWideBusOperation  sdio_sdcard.o
    0x08001314   0x00000220   Code   RO         3248    i.SD_GetCardInfo    sdio_sdcard.o
    0x08001534   0x000000e0   Code   RO         3250    i.SD_Init           sdio_sdcard.o
    0x08001614   0x00000118   Code   RO         3251    i.SD_InitializeCards  sdio_sdcard.o
    0x0800172c   0x000001a4   Code   RO         3253    i.SD_PowerON        sdio_sdcard.o
    0x080018d0   0x000000ec   Code   RO         3254    i.SD_ProcessIRQSrc  sdio_sdcard.o
    0x080019bc   0x0000022c   Code   RO         3255    i.SD_ReadBlock      sdio_sdcard.o
    0x08001be8   0x0000007c   Code   RO         3256    i.SD_ReadDisk       sdio_sdcard.o
    0x08001c64   0x000002a8   Code   RO         3257    i.SD_ReadMultiBlocks  sdio_sdcard.o
    0x08001f0c   0x0000002c   Code   RO         3258    i.SD_SelectDeselect  sdio_sdcard.o
    0x08001f38   0x00000018   Code   RO         3260    i.SD_SetDeviceMode  sdio_sdcard.o
    0x08001f50   0x000002f4   Code   RO         3261    i.SD_WriteBlock     sdio_sdcard.o
    0x08002244   0x00000074   Code   RO         3262    i.SD_WriteDisk      sdio_sdcard.o
    0x080022b8   0x0000031c   Code   RO         3263    i.SD_WriteMultiBlocks  sdio_sdcard.o
    0x080025d4   0x00000094   Code   RO         3557    i.SPI2_Init         spi.o
    0x08002668   0x00000058   Code   RO         3558    i.SPI2_ReadWriteByte  spi.o
    0x080026c0   0x0000001c   Code   RO         3559    i.SPI2_SetSpeed     spi.o
    0x080026dc   0x00000018   Code   RO         2314    i.SPI_Cmd           stm32f10x_spi.o
    0x080026f4   0x0000000e   Code   RO         2322    i.SPI_I2S_GetFlagStatus  stm32f10x_spi.o
    0x08002702   0x00000004   Code   RO         2325    i.SPI_I2S_ReceiveData  stm32f10x_spi.o
    0x08002706   0x00000004   Code   RO         2326    i.SPI_I2S_SendData  stm32f10x_spi.o
    0x0800270a   0x00000038   Code   RO         2327    i.SPI_Init          stm32f10x_spi.o
    0x08002742   0x00000002   Code   RO          143    i.SVC_Handler       stm32f10x_it.o
    0x08002744   0x00000004   Code   RO          200    i.SetSysClock       system_stm32f10x.o
    0x08002748   0x000000b0   Code   RO          201    i.SetSysClockTo72   system_stm32f10x.o
    0x080027f8   0x0000001c   Code   RO          246    i.SysTick_CLKSourceConfig  misc.o
    0x08002814   0x00000002   Code   RO          144    i.SysTick_Handler   stm32f10x_it.o
    0x08002816   0x00000002   PAD
    0x08002818   0x00000050   Code   RO          203    i.SystemInit        system_stm32f10x.o
    0x08002868   0x00000068   Code   RO         3641    i.USART1_IRQHandler  usart.o
    0x080028d0   0x00000018   Code   RO         3005    i.USART_Cmd         stm32f10x_usart.o
    0x080028e8   0x00000040   Code   RO         3009    i.USART_GetITStatus  stm32f10x_usart.o
    0x08002928   0x00000036   Code   RO         3011    i.USART_ITConfig    stm32f10x_usart.o
    0x0800295e   0x00000002   PAD
    0x08002960   0x000000bc   Code   RO         3012    i.USART_Init        stm32f10x_usart.o
    0x08002a1c   0x00000008   Code   RO         3019    i.USART_ReceiveData  stm32f10x_usart.o
    0x08002a24   0x00000002   Code   RO          145    i.UsageFault_Handler  stm32f10x_it.o
    0x08002a26   0x00000002   PAD
    0x08002a28   0x00000050   Code   RO         3452    i.W25QXX_Erase_Sector  w25qxx.o
    0x08002a78   0x00000058   Code   RO         3453    i.W25QXX_Init       w25qxx.o
    0x08002ad0   0x00000050   Code   RO         3455    i.W25QXX_Read       w25qxx.o
    0x08002b20   0x0000003c   Code   RO         3456    i.W25QXX_ReadID     w25qxx.o
    0x08002b5c   0x00000020   Code   RO         3457    i.W25QXX_ReadSR     w25qxx.o
    0x08002b7c   0x0000000c   Code   RO         3459    i.W25QXX_Wait_Busy  w25qxx.o
    0x08002b88   0x000000a4   Code   RO         3460    i.W25QXX_Write      w25qxx.o
    0x08002c2c   0x00000018   Code   RO         3462    i.W25QXX_Write_Enable  w25qxx.o
    0x08002c44   0x0000003e   Code   RO         3463    i.W25QXX_Write_NoCheck  w25qxx.o
    0x08002c82   0x00000002   PAD
    0x08002c84   0x00000058   Code   RO         3464    i.W25QXX_Write_Page  w25qxx.o
    0x08002cdc   0x00000002   Code   RO         3642    i._sys_exit         usart.o
    0x08002cde   0x00000002   PAD
    0x08002ce0   0x000000d4   Code   RO         3778    i.check_fs          ff.o
    0x08002db4   0x00000018   Code   RO         3779    i.clst2sect         ff.o
    0x08002dcc   0x00000094   Code   RO         3780    i.cmp_lfn           ff.o
    0x08002e60   0x00000012   Code   RO         3264    i.convert_from_bytes_to_power_of_two  sdio_sdcard.o
    0x08002e72   0x000000ee   Code   RO         3781    i.create_chain      ff.o
    0x08002f60   0x0000022c   Code   RO         3782    i.create_name       ff.o
    0x0800318c   0x00000134   Code   RO         3783    i.create_partition  ff.o
    0x080032c0   0x00000010   Code   RO         3784    i.dbc_1st           ff.o
    0x080032d0   0x0000001a   Code   RO         3785    i.dbc_2nd           ff.o
    0x080032ea   0x00000002   PAD
    0x080032ec   0x0000003c   Code   RO         3581    i.delay_init        delay.o
    0x08003328   0x00000034   Code   RO         3582    i.delay_ms          delay.o
    0x0800335c   0x0000004a   Code   RO         3786    i.dir_alloc         ff.o
    0x080033a6   0x0000005c   Code   RO         3787    i.dir_clear         ff.o
    0x08003402   0x000000d2   Code   RO         3788    i.dir_find          ff.o
    0x080034d4   0x000000c6   Code   RO         3789    i.dir_next          ff.o
    0x0800359a   0x000000bc   Code   RO         3790    i.dir_read          ff.o
    0x08003656   0x00000128   Code   RO         3791    i.dir_register      ff.o
    0x0800377e   0x00000094   Code   RO         3793    i.dir_sdi           ff.o
    0x08003812   0x00000002   PAD
    0x08003814   0x00000034   Code   RO         3726    i.disk_initialize   diskio.o
    0x08003848   0x00000084   Code   RO         3727    i.disk_ioctl        diskio.o
    0x080038cc   0x00000064   Code   RO         3728    i.disk_read         diskio.o
    0x08003930   0x00000004   Code   RO         3729    i.disk_status       diskio.o
    0x08003934   0x00000064   Code   RO         3730    i.disk_write        diskio.o
    0x08003998   0x00000020   Code   RO         3794    i.f_close           ff.o
    0x080039b8   0x000000f2   Code   RO         3799    i.f_mkdir           ff.o
    0x08003aaa   0x00000002   PAD
    0x08003aac   0x00000598   Code   RO         3800    i.f_mkfs            ff.o
    0x08004044   0x0000004c   Code   RO         3801    i.f_mount           ff.o
    0x08004090   0x000001b6   Code   RO         3802    i.f_open            ff.o
    0x08004246   0x0000006c   Code   RO         3803    i.f_opendir         ff.o
    0x080042b2   0x00000164   Code   RO         3807    i.f_read            ff.o
    0x08004416   0x0000004a   Code   RO         3808    i.f_readdir         ff.o
    0x08004460   0x00000090   Code   RO         3811    i.f_sync            ff.o
    0x080044f0   0x000001a2   Code   RO         3814    i.f_write           ff.o
    0x08004692   0x00000002   PAD
    0x08004694   0x00000050   Code   RO         4139    i.ff_oem2uni        ffunicode.o
    0x080046e4   0x00000058   Code   RO         4140    i.ff_uni2oem        ffunicode.o
    0x0800473c   0x00000094   Code   RO         4141    i.ff_wtoupper       ffunicode.o
    0x080047d0   0x00000062   Code   RO         3815    i.find_volume       ff.o
    0x08004832   0x0000007a   Code   RO         3816    i.follow_path       ff.o
    0x080048ac   0x00000018   Code   RO         3643    i.fputc             usart.o
    0x080048c4   0x000000a4   Code   RO         3817    i.gen_numname       ff.o
    0x08004968   0x000000c4   Code   RO         3818    i.get_fat           ff.o
    0x08004a2c   0x00000004   Code   RO         3731    i.get_fattime       diskio.o
    0x08004a30   0x0000012e   Code   RO         3819    i.get_fileinfo      ff.o
    0x08004b5e   0x00000040   Code   RO         3820    i.get_ldnumber      ff.o
    0x08004b9e   0x00000026   Code   RO         3821    i.ld_clust          ff.o
    0x08004bc4   0x00000016   Code   RO         3822    i.ld_dword          ff.o
    0x08004bda   0x0000000a   Code   RO         3823    i.ld_word           ff.o
    0x08004be4   0x00000022   Code   RO            1    i.main              main.o
    0x08004c06   0x00000002   PAD
    0x08004c08   0x00000248   Code   RO         3824    i.mount_volume      ff.o
    0x08004e50   0x00000034   Code   RO         3825    i.move_window       ff.o
    0x08004e84   0x00000080   Code   RO         3826    i.pick_lfn          ff.o
    0x08004f04   0x00000038   Code   RO         3705    i.print_fres        test_fatfs.o
    0x08004f3c   0x000000fa   Code   RO         3827    i.put_fat           ff.o
    0x08005036   0x00000002   PAD
    0x08005038   0x00000074   Code   RO         3828    i.put_lfn           ff.o
    0x080050ac   0x00000032   Code   RO         3829    i.put_utf           ff.o
    0x080050de   0x00000078   Code   RO         3833    i.remove_chain      ff.o
    0x08005156   0x00000002   PAD
    0x08005158   0x00000128   Code   RO         3683    i.show_sdcard_info  test_sdio.o
    0x08005280   0x00000028   Code   RO         3834    i.st_clust          ff.o
    0x080052a8   0x00000010   Code   RO         3835    i.st_dword          ff.o
    0x080052b8   0x00000008   Code   RO         3836    i.st_word           ff.o
    0x080052c0   0x0000001a   Code   RO         3837    i.sum_sfn           ff.o
    0x080052da   0x00000002   PAD
    0x080052dc   0x00000088   Code   RO         3838    i.sync_fs           ff.o
    0x08005364   0x00000048   Code   RO         3839    i.sync_window       ff.o
    0x080053ac   0x0000004a   Code   RO         3840    i.tchar2uni         ff.o
    0x080053f6   0x00000002   PAD
    0x080053f8   0x00000454   Code   RO         3706    i.test_fatfs        test_fatfs.o
    0x0800584c   0x00000100   Code   RO         3684    i.test_sdio_init    test_sdio.o
    0x0800594c   0x000000a0   Code   RO         3644    i.uart_init         usart.o
    0x080059ec   0x00000036   Code   RO         3841    i.validate          ff.o
    0x08005a22   0x00000002   PAD
    0x08005a24   0x00000103   Data   RO         3707    .constdata          test_fatfs.o
    0x08005b27   0x00000001   PAD
    0x08005b28   0x0000003c   Data   RO         3843    .constdata          ff.o
    0x08005b64   0x0002abb6   Data   RO         4142    .constdata          ffunicode.o
    0x0803071a   0x00000028   Data   RO         4189    .constdata          c_w.l(_printf_hex_int.o)
    0x08030742   0x00000002   PAD
    0x08030744   0x00000020   Data   RO         4430    Region$$Table       anon$$obj.o


    Execution Region RW_IRAM1 (Base: 0x20000000, Size: 0x00001c40, Max: 0x00010000, ABSOLUTE)

    Base Addr    Size         Type   Attr      Idx    E Section Name        Object

    0x20000000   0x00000014   Data   RW          204    .data               system_stm32f10x.o
    0x20000014   0x00000014   Data   RW         1865    .data               stm32f10x_rcc.o
    0x20000028   0x00000010   Data   RW         3266    .data               sdio_sdcard.o
    0x20000038   0x00000002   Data   RW         3467    .data               w25qxx.o
    0x2000003a   0x00000004   Data   RW         3584    .data               delay.o
    0x2000003e   0x00000002   Data   RW         3646    .data               usart.o
    0x20000040   0x00000004   Data   RW         3647    .data               usart.o
    0x20000044   0x00000002   Data   RW         3732    .data               diskio.o
    0x20000046   0x00000002   PAD
    0x20000048   0x0000000c   Data   RW         3845    .data               ff.o
    0x20000054   0x00000004   PAD
    0x20000058   0x000002c0   Zero   RW         3265    .bss                sdio_sdcard.o
    0x20000318   0x00001000   Zero   RW         3466    .bss                w25qxx.o
    0x20001318   0x000000c8   Zero   RW         3645    .bss                usart.o
    0x200013e0   0x00000200   Zero   RW         3842    .bss                ff.o
    0x200015e0   0x00000060   Zero   RW         4305    .bss                c_w.l(libspace.o)
    0x20001640   0x00000200   Zero   RW          235    HEAP                startup_stm32f10x_hd.o
    0x20001840   0x00000400   Zero   RW          234    STACK               startup_stm32f10x_hd.o


==============================================================================

Image component sizes


      Code (inc. data)   RO Data    RW Data    ZI Data      Debug   Object Name

       112         20          0          4          0       1192   delay.o
       392         14          0          2          0       5705   diskio.o
      8796        170         60         12        512      59116   ff.o
       316         26     175030          0          0       3260   ffunicode.o
        80         10          0          0          0        503   led.o
        34          0          0          0          0      56387   main.o
       148         14          0          0          0     208361   misc.o
      6120        254          0         16        704      34674   sdio_sdcard.o
       264         20          0          0          0       1769   spi.o
        64         26        304          0       1536        836   startup_stm32f10x_hd.o
       332         10          0          0          0       3594   stm32f10x_dma.o
       170          0          0          0          0       2491   stm32f10x_gpio.o
        18          0          0          0          0       3686   stm32f10x_it.o
       256         36          0         20          0       5078   stm32f10x_rcc.o
       272         72          0          0          0       7890   stm32f10x_sdio.o
       102          0          0          0          0       3746   stm32f10x_spi.o
       338          6          0          0          0       5158   stm32f10x_usart.o
         8          0          0          0          0        829   sys.o
       260         26          0         20          0       2045   system_stm32f10x.o
      1164        670        259          0          0       1681   test_fatfs.o
       552        362          0          0          0       1064   test_sdio.o
       290         26          0          6        200       4060   usart.o
       690         56          0          2       4096       6877   w25qxx.o

    ----------------------------------------------------------------------
     20812       1818     175686         84       7052     420002   Object Totals
         0          0         32          0          0          0   (incl. Generated)
        34          0          1          2          4          0   (incl. Padding)

    ----------------------------------------------------------------------

      Code (inc. data)   RO Data    RW Data    ZI Data      Debug   Library Member Name

         8          0          0          0          0         68   __main.o
       104          0          0          0          0         84   __printf.o
         0          0          0          0          0          0   __rtentry.o
        12          0          0          0          0          0   __rtentry2.o
         6          0          0          0          0          0   __rtentry4.o
        52          8          0          0          0          0   __scatter.o
        26          0          0          0          0          0   __scatter_copy.o
        28          0          0          0          0          0   __scatter_zi.o
        44          0          0          0          0        108   _printf_char.o
        48          6          0          0          0         96   _printf_char_common.o
        36          4          0          0          0         80   _printf_char_file.o
         6          0          0          0          0          0   _printf_d.o
       120         16          0          0          0         92   _printf_dec.o
        88          4         40          0          0         88   _printf_hex_int.o
       178          0          0          0          0         88   _printf_intcommon.o
         0          0          0          0          0          0   _printf_percent.o
         4          0          0          0          0          0   _printf_percent_end.o
         6          0          0          0          0          0   _printf_s.o
        82          0          0          0          0         80   _printf_str.o
         6          0          0          0          0          0   _printf_u.o
         6          0          0          0          0          0   _printf_x.o
        10          0          0          0          0         68   _sputc.o
        16          0          0          0          0         68   aeabi_memset.o
        12          0          0          0          0         72   exit.o
         8          0          0          0          0         68   ferror.o
         6          0          0          0          0        152   heapauxi.o
         2          0          0          0          0          0   libinit.o
         2          0          0          0          0          0   libinit2.o
         2          0          0          0          0          0   libshutdown.o
         2          0          0          0          0          0   libshutdown2.o
         8          4          0          0         96         68   libspace.o
        72          0          0          0          0         76   llsdiv.o
       238          0          0          0          0        100   lludivv7m.o
        88          0          0          0          0         76   memcmp.o
        24          4          0          0          0         84   noretval__2printf.o
        40          6          0          0          0         84   noretval__2sprintf.o
        68          0          0          0          0         68   rt_memclr.o
        78          0          0          0          0         80   rt_memclr_w.o
       138          0          0          0          0         68   rt_memcpy_v6.o
       100          0          0          0          0         80   rt_memcpy_w.o
         2          0          0          0          0          0   rtexit.o
        10          0          0          0          0          0   rtexit2.o
        20          0          0          0          0         68   strchr.o
        62          0          0          0          0         76   strlen.o
        74          0          0          0          0         80   sys_stackheap_outer.o
         2          0          0          0          0         68   use_no_semi.o
         2          0          0          0          0         68   use_no_semi_2.o

    ----------------------------------------------------------------------
      1960         52         42          0         96       2356   Library Totals
        14          0          2          0          0          0   (incl. Padding)

    ----------------------------------------------------------------------

      Code (inc. data)   RO Data    RW Data    ZI Data      Debug   Library Name

      1946         52         40          0         96       2356   c_w.l

    ----------------------------------------------------------------------
      1960         52         42          0         96       2356   Library Totals

    ----------------------------------------------------------------------

==============================================================================


      Code (inc. data)   RO Data    RW Data    ZI Data      Debug   

     22772       1870     175728         84       7148     413098   Grand Totals
     22772       1870     175728         84       7148     413098   ELF Image Totals
     22772       1870     175728         84          0          0   ROM Totals

==============================================================================

    Total RO  Size (Code + RO Data)               198500 ( 193.85kB)
    Total RW  Size (RW Data + ZI Data)              7232 (   7.06kB)
    Total ROM Size (Code + RO Data + RW Data)     198584 ( 193.93kB)

==============================================================================

